This is pdfTeX, Version 3.141592653-2.6-1.40.29 (MiKTeX 26.5) (preloaded format=pdflatex 2026.5.20)  21 JUL 2026 13:15
entering extended mode
 restricted \write18 enabled.
 %&-line parsing enabled.
**./Article.tex
(Article.tex
LaTeX2e <2025-11-01>
L3 programming layer <2026-03-20>
(sagej.cls
Document Class: sagej 2017/01/17 v1.20\ sagej.cls
(C:\Users\wasif\AppData\Local\Programs\MiKTeX\tex/latex/base\article.cls
Document Class: article 2025/01/22 v1.4n Standard LaTeX document class
(C:\Users\wasif\AppData\Local\Programs\MiKTeX\tex/latex/base\size10.clo
File: size10.clo 2025/01/22 v1.4n Standard LaTeX file (size option)
)
\c@part=\count275
\c@section=\count276
\c@subsection=\count277
\c@subsubsection=\count278
\c@paragraph=\count279
\c@subparagraph=\count280
\c@figure=\count281
\c@table=\count282
\abovecaptionskip=\skip49
\belowcaptionskip=\skip50
\bibindent=\dimen150
)
(C:\Users\wasif\AppData\Local\Programs\MiKTeX\tex/latex/psnfss\times.sty
Package: times 2020/03/25 PSNFSS-v9.3 (SPQR) 
)
(C:\Users\wasif\AppData\Local\Programs\MiKTeX\tex/latex/psnfss\helvet.sty
Package: helvet 2020/03/25 PSNFSS-v9.3 (WaS) 

(C:\Users\wasif\AppData\Local\Programs\MiKTeX\tex/latex/graphics\keyval.sty
Package: keyval 2022/05/29 v1.15 key=value parser (DPC)
\KV@toks@=\toks17
))
(C:\Users\wasif\AppData\Local\Programs\MiKTeX\tex/latex/graphics\graphicx.sty
Package: graphicx 2024/12/31 v1.2e Enhanced LaTeX Graphics (DPC,SPQR)

(C:\Users\wasif\AppData\Local\Programs\MiKTeX\tex/latex/graphics\graphics.sty
Package: graphics 2024/08/06 v1.4g Standard LaTeX Graphics (DPC,SPQR)

(C:\Users\wasif\AppData\Local\Programs\MiKTeX\tex/latex/graphics\trig.sty
Package: trig 2023/12/02 v1.11 sin cos tan (DPC)
)
(C:\Users\wasif\AppData\Local\Programs\MiKTeX\tex/latex/graphics-cfg\graphics.c
fg
File: graphics.cfg 2016/06/04 v1.11 sample graphics configuration
)
Package graphics Info: Driver file: pdftex.def on input line 106.

(C:\Users\wasif\AppData\Local\Programs\MiKTeX\tex/latex/graphics-def\pdftex.def
File: pdftex.def 2025/09/29 v1.2d Graphics/color driver for pdftex
))
\Gin@req@height=\dimen151
\Gin@req@width=\dimen152
) (C:\Users\wasif\AppData\Local\Programs\MiKTeX\tex/latex/base\latexsym.sty
Package: latexsym 1998/08/17 v2.2e Standard LaTeX package (lasy symbols)
\symlasy=\mathgroup4
LaTeX Font Info:    Overwriting symbol font `lasy' in version `bold'
(Font)                  U/lasy/m/n --> U/lasy/b/n on input line 52.
)
(C:\Users\wasif\AppData\Local\Programs\MiKTeX\tex/latex/base\ifthen.sty
Package: ifthen 2024/03/16 v1.1e Standard LaTeX ifthen package (DPC)
)
(C:\Users\wasif\AppData\Local\Programs\MiKTeX\tex/latex/graphics\rotating.sty
Package: rotating 2025/01/14 v2.16e rotated objects in LaTeX
\c@r@tfl@t=\count283
\rotFPtop=\skip51
\rotFPbot=\skip52
\rot@float@box=\box53
\rot@mess@toks=\toks18
)
(C:\Users\wasif\AppData\Local\Programs\MiKTeX\tex/latex/tools\calc.sty
Package: calc 2025/03/01 v4.3b Infix arithmetic (KKT,FJ)
\calc@Acount=\count284
\calc@Bcount=\count285
\calc@Adimen=\dimen153
\calc@Bdimen=\dimen154
\calc@Askip=\skip53
\calc@Bskip=\skip54
LaTeX Info: Redefining \setlength on input line 86.
LaTeX Info: Redefining \addtolength on input line 87.
\calc@Ccount=\count286
\calc@Cskip=\skip55
)
(C:\Users\wasif\AppData\Local\Programs\MiKTeX\tex/latex/textcase\textcase.sty
Package: textcase 2025/02/16 v1.05 Text only upper/lower case changing (DPC)
Package textcase Info: Defining Legacy names on input line 20.
)
(C:\Users\wasif\AppData\Local\Programs\MiKTeX\tex/latex/booktabs\booktabs.sty
Package: booktabs 2020/01/12 v1.61803398 Publication quality tables
\heavyrulewidth=\dimen155
\lightrulewidth=\dimen156
\cmidrulewidth=\dimen157
\belowrulesep=\dimen158
\belowbottomsep=\dimen159
\aboverulesep=\dimen160
\abovetopsep=\dimen161
\cmidrulesep=\dimen162
\cmidrulekern=\dimen163
\defaultaddspace=\dimen164
\@cmidla=\count287
\@cmidlb=\count288
\@aboverulesep=\dimen165
\@belowrulesep=\dimen166
\@thisruleclass=\count289
\@lastruleclass=\count290
\@thisrulewidth=\dimen167
)
(C:\Users\wasif\AppData\Local\Programs\MiKTeX\tex/latex/graphics\color.sty
Package: color 2025/01/14 v1.3e Standard LaTeX Color (DPC)

(C:\Users\wasif\AppData\Local\Programs\MiKTeX\tex/latex/graphics-cfg\color.cfg
File: color.cfg 2016/01/02 v1.6 sample color configuration
)
Package color Info: Driver file: pdftex.def on input line 149.
(C:\Users\wasif\AppData\Local\Programs\MiKTeX\tex/latex/graphics\mathcolor.ltx)
) (C:\Users\wasif\AppData\Local\Programs\MiKTeX\tex/latex/endnotes\endnotes.sty
Package: endnotes 2020-01-02 endnotes package
\c@endnote=\count291
\endnotesep=\dimen168
\@enotes=\write3
) (C:\Users\wasif\AppData\Local\Programs\MiKTeX\tex/latex/amsfonts\amsfonts.sty
Package: amsfonts 2013/01/14 v3.01 Basic AMSFonts support
\@emptytoks=\toks19
\symAMSa=\mathgroup5
\symAMSb=\mathgroup6
LaTeX Font Info:    Redeclaring math symbol \hbar on input line 98.
LaTeX Font Info:    Overwriting math alphabet `\mathfrak' in version `bold'
(Font)                  U/euf/m/n --> U/euf/b/n on input line 106.
) (C:\Users\wasif\AppData\Local\Programs\MiKTeX\tex/latex/amsfonts\amssymb.sty
Package: amssymb 2013/01/14 v3.01 AMS font symbols
) (C:\Users\wasif\AppData\Local\Programs\MiKTeX\tex/latex/amsmath\amsbsy.sty
Package: amsbsy 1999/11/29 v1.2d Bold Symbols

(C:\Users\wasif\AppData\Local\Programs\MiKTeX\tex/latex/amsmath\amsgen.sty
File: amsgen.sty 1999/11/30 v2.0 generic functions
\@emptytoks=\toks20
\ex@=\dimen169
)
\pmbraise@=\dimen170
)
(C:\Users\wasif\AppData\Local\Programs\MiKTeX\tex/latex/amsmath\amsmath.sty
Package: amsmath 2025/07/09 v2.17z AMS math features
\@mathmargin=\skip56

For additional information on amsmath, use the `?' option.
(C:\Users\wasif\AppData\Local\Programs\MiKTeX\tex/latex/amsmath\amstext.sty
Package: amstext 2024/11/17 v2.01 AMS text
)
(C:\Users\wasif\AppData\Local\Programs\MiKTeX\tex/latex/amsmath\amsopn.sty
Package: amsopn 2022/04/08 v2.04 operator names
)
\inf@bad=\count292
LaTeX Info: Redefining \frac on input line 233.
\uproot@=\count293
\leftroot@=\count294
LaTeX Info: Redefining \overline on input line 398.
LaTeX Info: Redefining \colon on input line 409.
\classnum@=\count295
\DOTSCASE@=\count296
LaTeX Info: Redefining \ldots on input line 495.
LaTeX Info: Redefining \dots on input line 498.
LaTeX Info: Redefining \cdots on input line 619.
\Mathstrutbox@=\box54
\strutbox@=\box55
LaTeX Info: Redefining \big on input line 721.
LaTeX Info: Redefining \Big on input line 722.
LaTeX Info: Redefining \bigg on input line 723.
LaTeX Info: Redefining \Bigg on input line 724.
\big@size=\dimen171
LaTeX Font Info:    Redeclaring font encoding OML on input line 742.
LaTeX Font Info:    Redeclaring font encoding OMS on input line 743.
\macc@depth=\count297
LaTeX Info: Redefining \bmod on input line 904.
LaTeX Info: Redefining \pmod on input line 909.
LaTeX Info: Redefining \smash on input line 939.
LaTeX Info: Redefining \relbar on input line 969.
LaTeX Info: Redefining \Relbar on input line 970.
\c@MaxMatrixCols=\count298
\dotsspace@=\muskip17
\c@parentequation=\count299
\dspbrk@lvl=\count300
\tag@help=\toks21
\row@=\count301
\column@=\count302
\maxfields@=\count303
\andhelp@=\toks22
\eqnshift@=\dimen172
\alignsep@=\dimen173
\tagshift@=\dimen174
\tagwidth@=\dimen175
\totwidth@=\dimen176
\lineht@=\dimen177
\@envbody=\toks23
\multlinegap=\skip57
\multlinetaggap=\skip58
\mathdisplay@stack=\toks24
LaTeX Info: Redefining \[ on input line 2950.
LaTeX Info: Redefining \] on input line 2951.
)
(C:\Users\wasif\AppData\Local\Programs\MiKTeX\tex/latex/amscls\amsthm.sty
Package: amsthm 2020/05/29 v2.20.6
\thm@style=\toks25
\thm@bodyfont=\toks26
\thm@headfont=\toks27
\thm@notefont=\toks28
\thm@headpunct=\toks29
\thm@preskip=\skip59
\thm@postskip=\skip60
\thm@headsep=\skip61
\dth@everypar=\toks30
)
(C:\Users\wasif\AppData\Local\Programs\MiKTeX\tex/latex/base\tracefnt.sty
Package: tracefnt 2020/12/22 v3.0n Standard LaTeX package (font tracing)
\tracingfonts=\count304
LaTeX Info: Redefining \selectfont on input line 107.
Applying: [2021/06/01] Add hook to \selectfont  on input line 142.
Already applied: [0000/00/00] Add hook to \selectfont  on input line 145.
)
(C:\Users\wasif\AppData\Local\Programs\MiKTeX\tex/latex/geometry\geometry.sty
Package: geometry 2026/03/07 v6.0 Page Geometry

(C:\Users\wasif\AppData\Local\Programs\MiKTeX\tex/generic/iftex\ifvtex.sty
Package: ifvtex 2019/10/25 v1.7 ifvtex legacy package. Use iftex instead.

(C:\Users\wasif\AppData\Local\Programs\MiKTeX\tex/generic/iftex\iftex.sty
Package: iftex 2024/12/12 v1.0g TeX engine tests
))
\Gm@cnth=\count305
\Gm@cntv=\count306
\c@Gm@tempcnt=\count307
\Gm@bindingoffset=\dimen178
\Gm@wd@mp=\dimen179
\Gm@odd@mp=\dimen180
\Gm@even@mp=\dimen181
\Gm@layoutwidth=\dimen182
\Gm@layoutheight=\dimen183
\Gm@layouthoffset=\dimen184
\Gm@layoutvoffset=\dimen185
\Gm@dimlist=\toks31

(C:\Users\wasif\AppData\Local\Programs\MiKTeX\tex/latex/geometry\geometry.cfg))
\absbox=\box56
\@bls=\dimen186
(C:\Users\wasif\AppData\Local\Programs\MiKTeX\tex/latex/caption\caption.sty
Package: caption 2023/08/05 v3.6o Customizing captions (AR)

(C:\Users\wasif\AppData\Local\Programs\MiKTeX\tex/latex/caption\caption3.sty
Package: caption3 2023/07/31 v2.4d caption3 kernel (AR)
\caption@tempdima=\dimen187
\captionmargin=\dimen188
\caption@leftmargin=\dimen189
\caption@rightmargin=\dimen190
\caption@width=\dimen191
\caption@indent=\dimen192
\caption@parindent=\dimen193
\caption@hangindent=\dimen194
Package caption Info: Standard document class detected.
)
\c@caption@flags=\count308
\c@continuedfloat=\count309
Package caption Info: rotating package is loaded.
)
LaTeX Font Warning: Font shape `OT1/cmr/m/n' in size <11> not available
(Font)              size <10.95> substituted on input line 652.
) (generic.sty
\firstpagerule=\skip62
\logowidth=\skip63
)
(C:\Users\wasif\AppData\Local\Programs\MiKTeX\tex/latex/cite\cite.sty
LaTeX Info: Redefining \cite on input line 302.
LaTeX Info: Redefining \nocite on input line 332.
Package: cite 2015/02/27  v 5.5
)
(C:\Users\wasif\AppData\Local\Programs\MiKTeX\tex/latex/base\textcomp.sty
Package: textcomp 2024/04/24 v2.1b Standard LaTeX package
)

Package geometry Warning: Over-specification in `h'-direction.
    `width' (397.48499pt) is ignored.


Package geometry Warning: Over-specification in `v'-direction.
    `height' (643.20255pt) is ignored.

LaTeX Font Info:    Trying to load font information for OT1+ptm on input line 1
2.
(C:\Users\wasif\AppData\Local\Programs\MiKTeX\tex/latex/psnfss\ot1ptm.fd
File: ot1ptm.fd 2001/06/04 font definitions for OT1/ptm.
)
(C:\Users\wasif\AppData\Local\Programs\MiKTeX\tex/latex/l3backend\l3backend-pdf
tex.def
File: l3backend-pdftex.def 2026-02-18 L3 backend support: PDF output (pdfTeX)
\l__color_backend_stack_int=\count310
) (Article.aux)
\openout1 = `Article.aux'.

LaTeX Font Info:    Checking defaults for OML/cmm/m/it on input line 12.
LaTeX Font Info:    ... okay on input line 12.
LaTeX Font Info:    Checking defaults for OMS/cmsy/m/n on input line 12.
LaTeX Font Info:    ... okay on input line 12.
LaTeX Font Info:    Checking defaults for OT1/cmr/m/n on input line 12.
LaTeX Font Info:    ... okay on input line 12.
LaTeX Font Info:    Checking defaults for T1/cmr/m/n on input line 12.
LaTeX Font Info:    ... okay on input line 12.
LaTeX Font Info:    Checking defaults for TS1/cmr/m/n on input line 12.
LaTeX Font Info:    ... okay on input line 12.
LaTeX Font Info:    Checking defaults for OMX/cmex/m/n on input line 12.
LaTeX Font Info:    ... okay on input line 12.
LaTeX Font Info:    Checking defaults for U/cmr/m/n on input line 12.
LaTeX Font Info:    ... okay on input line 12.

(C:\Users\wasif\AppData\Local\Programs\MiKTeX\tex/context/base/mkii\supp-pdf.mk
ii
[Loading MPS to PDF converter (version 2006.09.02).]
\scratchcounter=\count311
\scratchdimen=\dimen195
\scratchbox=\box57
\nofMPsegments=\count312
\nofMParguments=\count313
\everyMPshowfont=\toks32
\MPscratchCnt=\count314
\MPscratchDim=\dimen196
\MPnumerator=\count315
\makeMPintoPDFobject=\count316
\everyMPtoPDFconversion=\toks33
)
(C:\Users\wasif\AppData\Local\Programs\MiKTeX\tex/latex/epstopdf-pkg\epstopdf-b
ase.sty
Package: epstopdf-base 2020-01-24 v2.11 Base part for package epstopdf
Package epstopdf-base Info: Redefining graphics rule for `.eps' on input line 4
85.

(C:\Users\wasif\AppData\Local\Programs\MiKTeX\tex/latex/00miktex\epstopdf-sys.c
fg
File: epstopdf-sys.cfg 2021/03/18 v2.0 Configuration of epstopdf for MiKTeX
))
*geometry* driver: auto-detecting
*geometry* detected driver: pdftex
*geometry* verbose mode - [ preamble ] result:
* driver: pdftex
* paper: custom
* layout: <same size as paper>
* layoutoffset:(h,v)=(0.0pt,0.0pt)
* hratio: 1:1
* vratio: 1:1
* modes: twoside asymmetric 
* h-part:(L,W,R)=(54.2025pt, 505.89pt, 54.2025pt)
* v-part:(T,H,B)=(54.2025pt, 686.56499pt, 54.2025pt)
* \paperwidth=614.295pt
* \paperheight=794.96999pt
* \textwidth=505.89pt
* \textheight=686.56499pt
* \oddsidemargin=-18.06749pt
* \evensidemargin=-18.06749pt
* \topmargin=-48.06749pt
* \headheight=12.0pt
* \headsep=18.0pt
* \topskip=10.0pt
* \footskip=30.0pt
* \marginparwidth=65.0pt
* \marginparsep=11.0pt
* \columnsep=12.0pt
* \skip\footins=20.0pt plus 8.0pt
* \hoffset=0.0pt
* \voffset=0.0pt
* \mag=1000
* \@twocolumnfalse
* \@twosidetrue
* \@mparswitchfalse
* \@reversemarginfalse
* (1in=72.27pt=25.4mm, 1cm=28.453pt)

Package caption Info: Begin \AtBeginDocument code.
Package caption Info: End \AtBeginDocument code.
LaTeX Font Info:    Trying to load font information for OT1+phv on input line 2
3.
(C:\Users\wasif\AppData\Local\Programs\MiKTeX\tex/latex/psnfss\ot1phv.fd
File: ot1phv.fd 2020/03/25 scalable font definitions for OT1/phv.
)
LaTeX Font Info:    Font shape `OT1/phv/m/n' will be
(Font)              scaled to size 10.44997pt on input line 23.
LaTeX Font Info:    Font shape `OT1/phv/b/n' will be
(Font)              scaled to size 10.44997pt on input line 23.
LaTeX Font Info:    Calculating math sizes for size <11> on input line 27.
LaTeX Font Warning: Font shape `OT1/cmr/m/n' in size <7.69997> not available
(Font)              size <8> substituted on input line 27.
LaTeX Font Warning: Font shape `OT1/cmr/m/n' in size <5.5> not available
(Font)              size <5> substituted on input line 27.
LaTeX Font Warning: Font shape `OML/cmm/m/it' in size <11> not available
(Font)              size <10.95> substituted on input line 27.
LaTeX Font Warning: Font shape `OML/cmm/m/it' in size <7.69997> not available
(Font)              size <8> substituted on input line 27.
LaTeX Font Warning: Font shape `OML/cmm/m/it' in size <5.5> not available
(Font)              size <5> substituted on input line 27.
LaTeX Font Warning: Font shape `OMS/cmsy/m/n' in size <11> not available
(Font)              size <10.95> substituted on input line 27.
LaTeX Font Warning: Font shape `OMS/cmsy/m/n' in size <7.69997> not available
(Font)              size <8> substituted on input line 27.
LaTeX Font Warning: Font shape `OMS/cmsy/m/n' in size <5.5> not available
(Font)              size <5> substituted on input line 27.
LaTeX Font Info:    Trying to load font information for U+lasy on input line 27
.

(C:\Users\wasif\AppData\Local\Programs\MiKTeX\tex/latex/base\ulasy.fd
File: ulasy.fd 1998/08/17 v2.2e LaTeX symbol font definitions
)
LaTeX Font Warning: Font shape `U/lasy/m/n' in size <11> not available
(Font)              size <10.95> substituted on input line 27.
LaTeX Font Warning: Font shape `U/lasy/m/n' in size <7.69997> not available
(Font)              size <8> substituted on input line 27.
LaTeX Font Warning: Font shape `U/lasy/m/n' in size <5.5> not available
(Font)              size <5> substituted on input line 27.
LaTeX Font Info:    Trying to load font information for U+msa on input line 27.


(C:\Users\wasif\AppData\Local\Programs\MiKTeX\tex/latex/amsfonts\umsa.fd
File: umsa.fd 2013/01/14 v3.01 AMS symbols A
)
LaTeX Font Info:    Trying to load font information for U+msb on input line 27.


(C:\Users\wasif\AppData\Local\Programs\MiKTeX\tex/latex/amsfonts\umsb.fd
File: umsb.fd 2013/01/14 v3.01 AMS symbols B
)
LaTeX Font Info:    Font shape `OT1/phv/m/n' will be
(Font)              scaled to size 14.24995pt on input line 33.
LaTeX Font Info:    Font shape `OT1/phv/b/n' will be
(Font)              scaled to size 14.24995pt on input line 33.
LaTeX Font Info:    Font shape `OT1/phv/b/n' will be
(Font)              scaled to size 7.31494pt on input line 33.
LaTeX Font Info:    Font shape `OT1/phv/b/n' will be
(Font)              scaled to size 5.22498pt on input line 33.
LaTeX Font Info:    Font shape `OT1/phv/m/n' will be
(Font)              scaled to size 7.59998pt on input line 33.
LaTeX Font Info:    Font shape `OT1/phv/m/n' will be
(Font)              scaled to size 5.69998pt on input line 33.
LaTeX Font Info:    Font shape `OT1/phv/m/n' will be
(Font)              scaled to size 4.74998pt on input line 33.
LaTeX Font Info:    Font shape `OT1/phv/b/n' will be
(Font)              scaled to size 7.59998pt on input line 33.
<../tmbe_deblooming-short-traj-latex-main/images_1/03_ordinary_CaP_40_minus_art
ery_100mA_10_42_bloom.png, id=1, 361.35pt x 361.35pt>
File: ../tmbe_deblooming-short-traj-latex-main/images_1/03_ordinary_CaP_40_minu
s_artery_100mA_10_42_bloom.png Graphic file (type png)
<use ../tmbe_deblooming-short-traj-latex-main/images_1/03_ordinary_CaP_40_minus
_artery_100mA_10_42_bloom.png>
Package pdftex.def Info: ../tmbe_deblooming-short-traj-latex-main/images_1/03_o
rdinary_CaP_40_minus_artery_100mA_10_42_bloom.png  used on input line 48.
(pdftex.def)             Requested size: 86.00037pt x 85.99796pt.
<../tmbe_deblooming-short-traj-latex-main/images_1/32_ordinary_CaP_50_minus_art
ery_300mA_12_37_bloom.png, id=3, 361.35pt x 361.35pt>
File: ../tmbe_deblooming-short-traj-latex-main/images_1/32_ordinary_CaP_50_minu
s_artery_300mA_12_37_bloom.png Graphic file (type png)
<use ../tmbe_deblooming-short-traj-latex-main/images_1/32_ordinary_CaP_50_minus
_artery_300mA_12_37_bloom.png>
Package pdftex.def Info: ../tmbe_deblooming-short-traj-latex-main/images_1/32_o
rdinary_CaP_50_minus_artery_300mA_12_37_bloom.png  used on input line 49.
(pdftex.def)             Requested size: 86.00037pt x 85.99796pt.
<../tmbe_deblooming-short-traj-latex-main/images_1/35_ordinary_CaP_50_minus_art
ery_100mA_13_43_bloom.png, id=4, 361.35pt x 361.35pt>
File: ../tmbe_deblooming-short-traj-latex-main/images_1/35_ordinary_CaP_50_minu
s_artery_100mA_13_43_bloom.png Graphic file (type png)
<use ../tmbe_deblooming-short-traj-latex-main/images_1/35_ordinary_CaP_50_minus
_artery_100mA_13_43_bloom.png>
Package pdftex.def Info: ../tmbe_deblooming-short-traj-latex-main/images_1/35_o
rdinary_CaP_50_minus_artery_100mA_13_43_bloom.png  used on input line 50.
(pdftex.def)             Requested size: 86.00037pt x 85.99796pt.
<../tmbe_deblooming-short-traj-latex-main/images_1/72_ordinary_CaP_40_minus_art
ery_50mA_5_29_bloom.png, id=5, 361.35pt x 361.35pt>
File: ../tmbe_deblooming-short-traj-latex-main/images_1/72_ordinary_CaP_40_minu
s_artery_50mA_5_29_bloom.png Graphic file (type png)
<use ../tmbe_deblooming-short-traj-latex-main/images_1/72_ordinary_CaP_40_minus
_artery_50mA_5_29_bloom.png>
Package pdftex.def Info: ../tmbe_deblooming-short-traj-latex-main/images_1/72_o
rdinary_CaP_40_minus_artery_50mA_5_29_bloom.png  used on input line 51.
(pdftex.def)             Requested size: 86.00037pt x 85.99796pt.
<../tmbe_deblooming-short-traj-latex-main/images_1/03_ordinary_CaP_40_minus_art
ery_100mA_10_42_debloom.png, id=6, 361.35pt x 361.35pt>
File: ../tmbe_deblooming-short-traj-latex-main/images_1/03_ordinary_CaP_40_minu
s_artery_100mA_10_42_debloom.png Graphic file (type png)
<use ../tmbe_deblooming-short-traj-latex-main/images_1/03_ordinary_CaP_40_minus
_artery_100mA_10_42_debloom.png>
Package pdftex.def Info: ../tmbe_deblooming-short-traj-latex-main/images_1/03_o
rdinary_CaP_40_minus_artery_100mA_10_42_debloom.png  used on input line 54.
(pdftex.def)             Requested size: 86.00037pt x 85.99796pt.
<../tmbe_deblooming-short-traj-latex-main/images_1/32_ordinary_CaP_50_minus_art
ery_300mA_12_37_debloom.png, id=7, 361.35pt x 361.35pt>
File: ../tmbe_deblooming-short-traj-latex-main/images_1/32_ordinary_CaP_50_minu
s_artery_300mA_12_37_debloom.png Graphic file (type png)
<use ../tmbe_deblooming-short-traj-latex-main/images_1/32_ordinary_CaP_50_minus
_artery_300mA_12_37_debloom.png>
Package pdftex.def Info: ../tmbe_deblooming-short-traj-latex-main/images_1/32_o
rdinary_CaP_50_minus_artery_300mA_12_37_debloom.png  used on input line 55.
(pdftex.def)             Requested size: 86.00037pt x 85.99796pt.
<../tmbe_deblooming-short-traj-latex-main/images_1/35_ordinary_CaP_50_minus_art
ery_100mA_13_43_debloom.png, id=8, 361.35pt x 361.35pt>
File: ../tmbe_deblooming-short-traj-latex-main/images_1/35_ordinary_CaP_50_minu
s_artery_100mA_13_43_debloom.png Graphic file (type png)
<use ../tmbe_deblooming-short-traj-latex-main/images_1/35_ordinary_CaP_50_minus
_artery_100mA_13_43_debloom.png>
Package pdftex.def Info: ../tmbe_deblooming-short-traj-latex-main/images_1/35_o
rdinary_CaP_50_minus_artery_100mA_13_43_debloom.png  used on input line 56.
(pdftex.def)             Requested size: 86.00037pt x 85.99796pt.
<../tmbe_deblooming-short-traj-latex-main/images_1/72_ordinary_CaP_40_minus_art
ery_50mA_5_29_debloom.png, id=9, 361.35pt x 361.35pt>
File: ../tmbe_deblooming-short-traj-latex-main/images_1/72_ordinary_CaP_40_minu
s_artery_50mA_5_29_debloom.png Graphic file (type png)
<use ../tmbe_deblooming-short-traj-latex-main/images_1/72_ordinary_CaP_40_minus
_artery_50mA_5_29_debloom.png>
Package pdftex.def Info: ../tmbe_deblooming-short-traj-latex-main/images_1/72_o
rdinary_CaP_40_minus_artery_50mA_5_29_debloom.png  used on input line 57.
(pdftex.def)             Requested size: 86.00037pt x 85.99796pt.
LaTeX Font Info:    Font shape `OT1/phv/m/n' will be
(Font)              scaled to size 8.54997pt on input line 60.
LaTeX Font Info:    Font shape `OT1/phv/b/n' will be
(Font)              scaled to size 8.54997pt on input line 60.

Overfull \vbox (1.61285pt too high) has occurred while \output is active []

LaTeX Font Info:    Font shape `OT1/phv/m/it' in size <7> not available
(Font)              Font shape `OT1/phv/m/sl' tried instead on input line 64.
LaTeX Font Info:    Font shape `OT1/phv/m/sl' will be
(Font)              scaled to size 6.64998pt on input line 64.

[1


{C:/Users/wasif/AppData/Local/MiKTeX/fonts/map/pdftex/pdftex.map}{C:/Users/wasi
f/AppData/Local/Programs/MiKTeX/fonts/enc/dvips/base/8r.enc}]
LaTeX Font Info:    Trying to load font information for TS1+ptm on input line 7
1.

(C:\Users\wasif\AppData\Local\Programs\MiKTeX\tex/latex/psnfss\ts1ptm.fd
File: ts1ptm.fd 2001/06/04 font definitions for TS1/ptm.
)
[2 <../tmbe_deblooming-short-traj-latex-main/images_1/03_ordinary_CaP_40_minus_
artery_100mA_10_42_bloom.png> <../tmbe_deblooming-short-traj-latex-main/images_
1/32_ordinary_CaP_50_minus_artery_300mA_12_37_bloom.png> <../tmbe_deblooming-sh
ort-traj-latex-main/images_1/35_ordinary_CaP_50_minus_artery_100mA_13_43_bloom.
png> <../tmbe_deblooming-short-traj-latex-main/images_1/72_ordinary_CaP_40_minu
s_artery_50mA_5_29_bloom.png> <../tmbe_deblooming-short-traj-latex-main/images_
1/03_ordinary_CaP_40_minus_artery_100mA_10_42_debloom.png> <../tmbe_deblooming-
short-traj-latex-main/images_1/32_ordinary_CaP_50_minus_artery_300mA_12_37_debl
oom.png> <../tmbe_deblooming-short-traj-latex-main/images_1/35_ordinary_CaP_50_
minus_artery_100mA_13_43_debloom.png> <../tmbe_deblooming-short-traj-latex-main
/images_1/72_ordinary_CaP_40_minus_artery_50mA_5_29_debloom.png>]
<../tmbe_deblooming-short-traj-latex-main/images/Slide1.PNG, id=34, 722.7pt x 5
42.025pt>
File: ../tmbe_deblooming-short-traj-latex-main/images/Slide1.PNG Graphic file (
type png)
<use ../tmbe_deblooming-short-traj-latex-main/images/Slide1.PNG>
Package pdftex.def Info: ../tmbe_deblooming-short-traj-latex-main/images/Slide1
.PNG  used on input line 87.
(pdftex.def)             Requested size: 480.59395pt x 360.45036pt.
LaTeX Font Info:    Font shape `OT1/phv/m/it' in size <11> not available
(Font)              Font shape `OT1/phv/m/sl' tried instead on input line 105.
LaTeX Font Info:    Font shape `OT1/phv/m/sl' will be
(Font)              scaled to size 10.44997pt on input line 105.
 [3] [4 <../tmbe_deblooming-short-traj-latex-main/images/Slide1.PNG>]
LaTeX Font Warning: Font shape `OT1/cmr/bx/n' in size <11> not available
(Font)              size <10.95> substituted on input line 199.
LaTeX Font Warning: Font shape `OT1/cmr/bx/n' in size <7.69997> not available
(Font)              size <8> substituted on input line 199.
LaTeX Font Warning: Font shape `OT1/cmr/bx/n' in size <5.5> not available
(Font)              size <5> substituted on input line 199.
<../tmbe_deblooming-short-traj-latex-main/images/Slide2.PNG, id=45, 722.7pt x 5
42.025pt>
File: ../tmbe_deblooming-short-traj-latex-main/images/Slide2.PNG Graphic file (
type png)
<use ../tmbe_deblooming-short-traj-latex-main/images/Slide2.PNG>
Package pdftex.def Info: ../tmbe_deblooming-short-traj-latex-main/images/Slide2
.PNG  used on input line 238.
(pdftex.def)             Requested size: 480.59395pt x 360.45036pt.
 [5] [6 <../tmbe_deblooming-short-traj-latex-main/images/Slide2.PNG>]
<../tmbe_deblooming-short-traj-latex-main/images_sim/03_CaP_50_minus_artery_100
mA_2_slice32_input.png, id=53, 128.48pt x 128.48pt>
File: ../tmbe_deblooming-short-traj-latex-main/images_sim/03_CaP_50_minus_arter
y_100mA_2_slice32_input.png Graphic file (type png)
<use ../tmbe_deblooming-short-traj-latex-main/images_sim/03_CaP_50_minus_artery
_100mA_2_slice32_input.png>
Package pdftex.def Info: ../tmbe_deblooming-short-traj-latex-main/images_sim/03
_CaP_50_minus_artery_100mA_2_slice32_input.png  used on input line 328.
(pdftex.def)             Requested size: 60.70432pt x 60.70515pt.
<../tmbe_deblooming-short-traj-latex-main/images_sim/03_CaP_50_minus_artery_100
mA_2_slice32_HU_Shrink.png, id=54, 289.08pt x 289.08pt>
File: ../tmbe_deblooming-short-traj-latex-main/images_sim/03_CaP_50_minus_arter
y_100mA_2_slice32_HU_Shrink.png Graphic file (type png)
<use ../tmbe_deblooming-short-traj-latex-main/images_sim/03_CaP_50_minus_artery
_100mA_2_slice32_HU_Shrink.png>
Package pdftex.def Info: ../tmbe_deblooming-short-traj-latex-main/images_sim/03
_CaP_50_minus_artery_100mA_2_slice32_HU_Shrink.png  used on input line 329.
(pdftex.def)             Requested size: 60.70432pt x 60.70418pt.
<../tmbe_deblooming-short-traj-latex-main/images_sim/03_CaP_50_minus_artery_100
mA_2_slice32_Wiener.png, id=55, 289.08pt x 289.08pt>
File: ../tmbe_deblooming-short-traj-latex-main/images_sim/03_CaP_50_minus_arter
y_100mA_2_slice32_Wiener.png Graphic file (type png)
<use ../tmbe_deblooming-short-traj-latex-main/images_sim/03_CaP_50_minus_artery
_100mA_2_slice32_Wiener.png>
Package pdftex.def Info: ../tmbe_deblooming-short-traj-latex-main/images_sim/03
_CaP_50_minus_artery_100mA_2_slice32_Wiener.png  used on input line 330.
(pdftex.def)             Requested size: 60.70432pt x 60.70418pt.
<../tmbe_deblooming-short-traj-latex-main/images_sim/03_CaP_50_minus_artery_100
mA_2_slice32_pred_output_srgan.png, id=56, 128.48pt x 128.48pt>
File: ../tmbe_deblooming-short-traj-latex-main/images_sim/03_CaP_50_minus_arter
y_100mA_2_slice32_pred_output_srgan.png Graphic file (type png)
<use ../tmbe_deblooming-short-traj-latex-main/images_sim/03_CaP_50_minus_artery
_100mA_2_slice32_pred_output_srgan.png>
Package pdftex.def Info: ../tmbe_deblooming-short-traj-latex-main/images_sim/03
_CaP_50_minus_artery_100mA_2_slice32_pred_output_srgan.png  used on input line 
331.
(pdftex.def)             Requested size: 60.70432pt x 60.70515pt.
<../tmbe_deblooming-short-traj-latex-main/images_sim/03_CaP_50_minus_artery_100
mA_2_slice32_pred_output_srgan-no_style.png, id=57, 128.48pt x 128.48pt>
File: ../tmbe_deblooming-short-traj-latex-main/images_sim/03_CaP_50_minus_arter
y_100mA_2_slice32_pred_output_srgan-no_style.png Graphic file (type png)
<use ../tmbe_deblooming-short-traj-latex-main/images_sim/03_CaP_50_minus_artery
_100mA_2_slice32_pred_output_srgan-no_style.png>
Package pdftex.def Info: ../tmbe_deblooming-short-traj-latex-main/images_sim/03
_CaP_50_minus_artery_100mA_2_slice32_pred_output_srgan-no_style.png  used on in
put line 332.
(pdftex.def)             Requested size: 60.70432pt x 60.70515pt.
<../tmbe_deblooming-short-traj-latex-main/images_sim/03_CaP_50_minus_artery_100
mA_2_slice32_pred_output_sagan.png, id=58, 128.48pt x 128.48pt>
File: ../tmbe_deblooming-short-traj-latex-main/images_sim/03_CaP_50_minus_arter
y_100mA_2_slice32_pred_output_sagan.png Graphic file (type png)
<use ../tmbe_deblooming-short-traj-latex-main/images_sim/03_CaP_50_minus_artery
_100mA_2_slice32_pred_output_sagan.png>
Package pdftex.def Info: ../tmbe_deblooming-short-traj-latex-main/images_sim/03
_CaP_50_minus_artery_100mA_2_slice32_pred_output_sagan.png  used on input line 
333.
(pdftex.def)             Requested size: 60.70432pt x 60.70515pt.
<../tmbe_deblooming-short-traj-latex-main/images_sim/03_CaP_50_minus_artery_100
mA_2_slice32_pred_output_sogan.png, id=59, 128.48pt x 128.48pt>
File: ../tmbe_deblooming-short-traj-latex-main/images_sim/03_CaP_50_minus_arter
y_100mA_2_slice32_pred_output_sogan.png Graphic file (type png)
<use ../tmbe_deblooming-short-traj-latex-main/images_sim/03_CaP_50_minus_artery
_100mA_2_slice32_pred_output_sogan.png>
Package pdftex.def Info: ../tmbe_deblooming-short-traj-latex-main/images_sim/03
_CaP_50_minus_artery_100mA_2_slice32_pred_output_sogan.png  used on input line 
334.
(pdftex.def)             Requested size: 60.70432pt x 60.70515pt.
<../tmbe_deblooming-short-traj-latex-main/images_sim/03_CaP_50_minus_artery_100
mA_2_slice32_mask.png, id=60, 128.48pt x 128.48pt>
File: ../tmbe_deblooming-short-traj-latex-main/images_sim/03_CaP_50_minus_arter
y_100mA_2_slice32_mask.png Graphic file (type png)
<use ../tmbe_deblooming-short-traj-latex-main/images_sim/03_CaP_50_minus_artery
_100mA_2_slice32_mask.png>
Package pdftex.def Info: ../tmbe_deblooming-short-traj-latex-main/images_sim/03
_CaP_50_minus_artery_100mA_2_slice32_mask.png  used on input line 344.
(pdftex.def)             Requested size: 60.70432pt x 60.70515pt.
<../tmbe_deblooming-short-traj-latex-main/images_sim/03_CaP_50_minus_artery_100
mA_2_slice32_pred_output_unetpp_amp.png, id=61, 128.48pt x 128.48pt>
File: ../tmbe_deblooming-short-traj-latex-main/images_sim/03_CaP_50_minus_arter
y_100mA_2_slice32_pred_output_unetpp_amp.png Graphic file (type png)
<use ../tmbe_deblooming-short-traj-latex-main/images_sim/03_CaP_50_minus_artery
_100mA_2_slice32_pred_output_unetpp_amp.png>
Package pdftex.def Info: ../tmbe_deblooming-short-traj-latex-main/images_sim/03
_CaP_50_minus_artery_100mA_2_slice32_pred_output_unetpp_amp.png  used on input 
line 345.
(pdftex.def)             Requested size: 60.70432pt x 60.70515pt.
<../tmbe_deblooming-short-traj-latex-main/images_sim/03_CaP_50_minus_artery_100
mA_2_slice32_pred_output_unetpp_sharp_patient.png, id=62, 128.48pt x 128.48pt>
File: ../tmbe_deblooming-short-traj-latex-main/images_sim/03_CaP_50_minus_arter
y_100mA_2_slice32_pred_output_unetpp_sharp_patient.png Graphic file (type png)
<use ../tmbe_deblooming-short-traj-latex-main/images_sim/03_CaP_50_minus_artery
_100mA_2_slice32_pred_output_unetpp_sharp_patient.png>
Package pdftex.def Info: ../tmbe_deblooming-short-traj-latex-main/images_sim/03
_CaP_50_minus_artery_100mA_2_slice32_pred_output_unetpp_sharp_patient.png  used
 on input line 346.
(pdftex.def)             Requested size: 60.70432pt x 60.70515pt.
<../tmbe_deblooming-short-traj-latex-main/images_sim/03_CaP_50_minus_artery_100
mA_2_slice32_pred_ldm_output_resshift.png, id=63, 289.08pt x 289.08pt>
File: ../tmbe_deblooming-short-traj-latex-main/images_sim/03_CaP_50_minus_arter
y_100mA_2_slice32_pred_ldm_output_resshift.png Graphic file (type png)
<use ../tmbe_deblooming-short-traj-latex-main/images_sim/03_CaP_50_minus_artery
_100mA_2_slice32_pred_ldm_output_resshift.png>
Package pdftex.def Info: ../tmbe_deblooming-short-traj-latex-main/images_sim/03
_CaP_50_minus_artery_100mA_2_slice32_pred_ldm_output_resshift.png  used on inpu
t line 347.
(pdftex.def)             Requested size: 60.70432pt x 60.70418pt.
<../tmbe_deblooming-short-traj-latex-main/images_sim/03_CaP_50_minus_artery_100
mA_2_slice32_pred_ldm10_output_resshift.png, id=64, 289.08pt x 289.08pt>
File: ../tmbe_deblooming-short-traj-latex-main/images_sim/03_CaP_50_minus_arter
y_100mA_2_slice32_pred_ldm10_output_resshift.png Graphic file (type png)
<use ../tmbe_deblooming-short-traj-latex-main/images_sim/03_CaP_50_minus_artery
_100mA_2_slice32_pred_ldm10_output_resshift.png>
Package pdftex.def Info: ../tmbe_deblooming-short-traj-latex-main/images_sim/03
_CaP_50_minus_artery_100mA_2_slice32_pred_ldm10_output_resshift.png  used on in
put line 348.
(pdftex.def)             Requested size: 60.70432pt x 60.70418pt.
<../tmbe_deblooming-short-traj-latex-main/images_sim/03_CaP_50_minus_artery_100
mA_2_slice32_pred_output_resshift.png, id=65, 289.08pt x 289.08pt>
File: ../tmbe_deblooming-short-traj-latex-main/images_sim/03_CaP_50_minus_arter
y_100mA_2_slice32_pred_output_resshift.png Graphic file (type png)
<use ../tmbe_deblooming-short-traj-latex-main/images_sim/03_CaP_50_minus_artery
_100mA_2_slice32_pred_output_resshift.png>
Package pdftex.def Info: ../tmbe_deblooming-short-traj-latex-main/images_sim/03
_CaP_50_minus_artery_100mA_2_slice32_pred_output_resshift.png  used on input li
ne 349.
(pdftex.def)             Requested size: 60.70432pt x 60.70418pt.
<../tmbe_deblooming-short-traj-latex-main/images_sim/03_CaP_50_minus_artery_100
mA_2_slice32_gt.png, id=66, 128.48pt x 128.48pt>
File: ../tmbe_deblooming-short-traj-latex-main/images_sim/03_CaP_50_minus_arter
y_100mA_2_slice32_gt.png Graphic file (type png)
<use ../tmbe_deblooming-short-traj-latex-main/images_sim/03_CaP_50_minus_artery
_100mA_2_slice32_gt.png>
Package pdftex.def Info: ../tmbe_deblooming-short-traj-latex-main/images_sim/03
_CaP_50_minus_artery_100mA_2_slice32_gt.png  used on input line 350.
(pdftex.def)             Requested size: 60.70432pt x 60.70515pt.
<../tmbe_deblooming-short-traj-latex-main/images_sim/03_CaP_50_minus_artery_100
mA_10_slice32_input.png, id=67, 128.48pt x 128.48pt>
File: ../tmbe_deblooming-short-traj-latex-main/images_sim/03_CaP_50_minus_arter
y_100mA_10_slice32_input.png Graphic file (type png)
<use ../tmbe_deblooming-short-traj-latex-main/images_sim/03_CaP_50_minus_artery
_100mA_10_slice32_input.png>
Package pdftex.def Info: ../tmbe_deblooming-short-traj-latex-main/images_sim/03
_CaP_50_minus_artery_100mA_10_slice32_input.png  used on input line 365.
(pdftex.def)             Requested size: 60.70432pt x 60.70515pt.
<../tmbe_deblooming-short-traj-latex-main/images_sim/03_CaP_50_minus_artery_100
mA_10_slice32_HU_Shrink.png, id=68, 289.08pt x 289.08pt>
File: ../tmbe_deblooming-short-traj-latex-main/images_sim/03_CaP_50_minus_arter
y_100mA_10_slice32_HU_Shrink.png Graphic file (type png)
<use ../tmbe_deblooming-short-traj-latex-main/images_sim/03_CaP_50_minus_artery
_100mA_10_slice32_HU_Shrink.png>
Package pdftex.def Info: ../tmbe_deblooming-short-traj-latex-main/images_sim/03
_CaP_50_minus_artery_100mA_10_slice32_HU_Shrink.png  used on input line 366.
(pdftex.def)             Requested size: 60.70432pt x 60.70418pt.
<../tmbe_deblooming-short-traj-latex-main/images_sim/03_CaP_50_minus_artery_100
mA_10_slice32_Wiener.png, id=69, 289.08pt x 289.08pt>
File: ../tmbe_deblooming-short-traj-latex-main/images_sim/03_CaP_50_minus_arter
y_100mA_10_slice32_Wiener.png Graphic file (type png)
<use ../tmbe_deblooming-short-traj-latex-main/images_sim/03_CaP_50_minus_artery
_100mA_10_slice32_Wiener.png>
Package pdftex.def Info: ../tmbe_deblooming-short-traj-latex-main/images_sim/03
_CaP_50_minus_artery_100mA_10_slice32_Wiener.png  used on input line 367.
(pdftex.def)             Requested size: 60.70432pt x 60.70418pt.
<../tmbe_deblooming-short-traj-latex-main/images_sim/03_CaP_50_minus_artery_100
mA_10_slice32_pred_output_srgan.png, id=70, 128.48pt x 128.48pt>
File: ../tmbe_deblooming-short-traj-latex-main/images_sim/03_CaP_50_minus_arter
y_100mA_10_slice32_pred_output_srgan.png Graphic file (type png)
<use ../tmbe_deblooming-short-traj-latex-main/images_sim/03_CaP_50_minus_artery
_100mA_10_slice32_pred_output_srgan.png>
Package pdftex.def Info: ../tmbe_deblooming-short-traj-latex-main/images_sim/03
_CaP_50_minus_artery_100mA_10_slice32_pred_output_srgan.png  used on input line
 368.
(pdftex.def)             Requested size: 60.70432pt x 60.70515pt.
<../tmbe_deblooming-short-traj-latex-main/images_sim/03_CaP_50_minus_artery_100
mA_10_slice32_pred_output_srgan-no_style.png, id=71, 128.48pt x 128.48pt>
File: ../tmbe_deblooming-short-traj-latex-main/images_sim/03_CaP_50_minus_arter
y_100mA_10_slice32_pred_output_srgan-no_style.png Graphic file (type png)
<use ../tmbe_deblooming-short-traj-latex-main/images_sim/03_CaP_50_minus_artery
_100mA_10_slice32_pred_output_srgan-no_style.png>
Package pdftex.def Info: ../tmbe_deblooming-short-traj-latex-main/images_sim/03
_CaP_50_minus_artery_100mA_10_slice32_pred_output_srgan-no_style.png  used on i
nput line 369.
(pdftex.def)             Requested size: 60.70432pt x 60.70515pt.
<../tmbe_deblooming-short-traj-latex-main/images_sim/03_CaP_50_minus_artery_100
mA_10_slice32_pred_output_sagan.png, id=72, 128.48pt x 128.48pt>
File: ../tmbe_deblooming-short-traj-latex-main/images_sim/03_CaP_50_minus_arter
y_100mA_10_slice32_pred_output_sagan.png Graphic file (type png)
<use ../tmbe_deblooming-short-traj-latex-main/images_sim/03_CaP_50_minus_artery
_100mA_10_slice32_pred_output_sagan.png>
Package pdftex.def Info: ../tmbe_deblooming-short-traj-latex-main/images_sim/03
_CaP_50_minus_artery_100mA_10_slice32_pred_output_sagan.png  used on input line
 370.
(pdftex.def)             Requested size: 60.70432pt x 60.70515pt.
<../tmbe_deblooming-short-traj-latex-main/images_sim/03_CaP_50_minus_artery_100
mA_10_slice32_pred_output_sogan.png, id=73, 128.48pt x 128.48pt>
File: ../tmbe_deblooming-short-traj-latex-main/images_sim/03_CaP_50_minus_arter
y_100mA_10_slice32_pred_output_sogan.png Graphic file (type png)
<use ../tmbe_deblooming-short-traj-latex-main/images_sim/03_CaP_50_minus_artery
_100mA_10_slice32_pred_output_sogan.png>
Package pdftex.def Info: ../tmbe_deblooming-short-traj-latex-main/images_sim/03
_CaP_50_minus_artery_100mA_10_slice32_pred_output_sogan.png  used on input line
 371.
(pdftex.def)             Requested size: 60.70432pt x 60.70515pt.
<../tmbe_deblooming-short-traj-latex-main/images_sim/03_CaP_50_minus_artery_100
mA_10_slice32_mask.png, id=74, 128.48pt x 128.48pt>
File: ../tmbe_deblooming-short-traj-latex-main/images_sim/03_CaP_50_minus_arter
y_100mA_10_slice32_mask.png Graphic file (type png)
<use ../tmbe_deblooming-short-traj-latex-main/images_sim/03_CaP_50_minus_artery
_100mA_10_slice32_mask.png>
Package pdftex.def Info: ../tmbe_deblooming-short-traj-latex-main/images_sim/03
_CaP_50_minus_artery_100mA_10_slice32_mask.png  used on input line 381.
(pdftex.def)             Requested size: 60.70432pt x 60.70515pt.
<../tmbe_deblooming-short-traj-latex-main/images_sim/03_CaP_50_minus_artery_100
mA_10_slice32_pred_output_unetpp_amp.png, id=75, 128.48pt x 128.48pt>
File: ../tmbe_deblooming-short-traj-latex-main/images_sim/03_CaP_50_minus_arter
y_100mA_10_slice32_pred_output_unetpp_amp.png Graphic file (type png)
<use ../tmbe_deblooming-short-traj-latex-main/images_sim/03_CaP_50_minus_artery
_100mA_10_slice32_pred_output_unetpp_amp.png>
Package pdftex.def Info: ../tmbe_deblooming-short-traj-latex-main/images_sim/03
_CaP_50_minus_artery_100mA_10_slice32_pred_output_unetpp_amp.png  used on input
 line 382.
(pdftex.def)             Requested size: 60.70432pt x 60.70515pt.
<../tmbe_deblooming-short-traj-latex-main/images_sim/03_CaP_50_minus_artery_100
mA_10_slice32_pred_output_unetpp_sharp_patient.png, id=76, 128.48pt x 128.48pt>

File: ../tmbe_deblooming-short-traj-latex-main/images_sim/03_CaP_50_minus_arter
y_100mA_10_slice32_pred_output_unetpp_sharp_patient.png Graphic file (type png)

<use ../tmbe_deblooming-short-traj-latex-main/images_sim/03_CaP_50_minus_artery
_100mA_10_slice32_pred_output_unetpp_sharp_patient.png>
Package pdftex.def Info: ../tmbe_deblooming-short-traj-latex-main/images_sim/03
_CaP_50_minus_artery_100mA_10_slice32_pred_output_unetpp_sharp_patient.png  use
d on input line 383.
(pdftex.def)             Requested size: 60.70432pt x 60.70515pt.
<../tmbe_deblooming-short-traj-latex-main/images_sim/03_CaP_50_minus_artery_100
mA_10_slice32_pred_ldm_output_resshift.png, id=77, 289.08pt x 289.08pt>
File: ../tmbe_deblooming-short-traj-latex-main/images_sim/03_CaP_50_minus_arter
y_100mA_10_slice32_pred_ldm_output_resshift.png Graphic file (type png)
<use ../tmbe_deblooming-short-traj-latex-main/images_sim/03_CaP_50_minus_artery
_100mA_10_slice32_pred_ldm_output_resshift.png>
Package pdftex.def Info: ../tmbe_deblooming-short-traj-latex-main/images_sim/03
_CaP_50_minus_artery_100mA_10_slice32_pred_ldm_output_resshift.png  used on inp
ut line 384.
(pdftex.def)             Requested size: 60.70432pt x 60.70418pt.
<../tmbe_deblooming-short-traj-latex-main/images_sim/03_CaP_50_minus_artery_100
mA_10_slice32_pred_ldm10_output_resshift.png, id=78, 289.08pt x 289.08pt>
File: ../tmbe_deblooming-short-traj-latex-main/images_sim/03_CaP_50_minus_arter
y_100mA_10_slice32_pred_ldm10_output_resshift.png Graphic file (type png)
<use ../tmbe_deblooming-short-traj-latex-main/images_sim/03_CaP_50_minus_artery
_100mA_10_slice32_pred_ldm10_output_resshift.png>
Package pdftex.def Info: ../tmbe_deblooming-short-traj-latex-main/images_sim/03
_CaP_50_minus_artery_100mA_10_slice32_pred_ldm10_output_resshift.png  used on i
nput line 385.
(pdftex.def)             Requested size: 60.70432pt x 60.70418pt.
<../tmbe_deblooming-short-traj-latex-main/images_sim/03_CaP_50_minus_artery_100
mA_10_slice32_pred_output_resshift.png, id=79, 289.08pt x 289.08pt>
File: ../tmbe_deblooming-short-traj-latex-main/images_sim/03_CaP_50_minus_arter
y_100mA_10_slice32_pred_output_resshift.png Graphic file (type png)
<use ../tmbe_deblooming-short-traj-latex-main/images_sim/03_CaP_50_minus_artery
_100mA_10_slice32_pred_output_resshift.png>
Package pdftex.def Info: ../tmbe_deblooming-short-traj-latex-main/images_sim/03
_CaP_50_minus_artery_100mA_10_slice32_pred_output_resshift.png  used on input l
ine 386.
(pdftex.def)             Requested size: 60.70432pt x 60.70418pt.
<../tmbe_deblooming-short-traj-latex-main/images_sim/03_CaP_50_minus_artery_100
mA_10_slice32_gt.png, id=80, 128.48pt x 128.48pt>
File: ../tmbe_deblooming-short-traj-latex-main/images_sim/03_CaP_50_minus_arter
y_100mA_10_slice32_gt.png Graphic file (type png)
<use ../tmbe_deblooming-short-traj-latex-main/images_sim/03_CaP_50_minus_artery
_100mA_10_slice32_gt.png>
Package pdftex.def Info: ../tmbe_deblooming-short-traj-latex-main/images_sim/03
_CaP_50_minus_artery_100mA_10_slice32_gt.png  used on input line 387.
(pdftex.def)             Requested size: 60.70432pt x 60.70515pt.
<../tmbe_deblooming-short-traj-latex-main/images_real/e29056_187_region_1_input
_raw_sagan.png, id=81, 128.48pt x 128.48pt>
File: ../tmbe_deblooming-short-traj-latex-main/images_real/e29056_187_region_1_
input_raw_sagan.png Graphic file (type png)
<use ../tmbe_deblooming-short-traj-latex-main/images_real/e29056_187_region_1_i
nput_raw_sagan.png>
Package pdftex.def Info: ../tmbe_deblooming-short-traj-latex-main/images_real/e
29056_187_region_1_input_raw_sagan.png  used on input line 439.
(pdftex.def)             Requested size: 60.70432pt x 60.70515pt.
<../tmbe_deblooming-short-traj-latex-main/images_real/e29056_187_region_1_HU_Sh
rink.png, id=82, 289.08pt x 289.08pt>
File: ../tmbe_deblooming-short-traj-latex-main/images_real/e29056_187_region_1_
HU_Shrink.png Graphic file (type png)
<use ../tmbe_deblooming-short-traj-latex-main/images_real/e29056_187_region_1_H
U_Shrink.png>
Package pdftex.def Info: ../tmbe_deblooming-short-traj-latex-main/images_real/e
29056_187_region_1_HU_Shrink.png  used on input line 440.
(pdftex.def)             Requested size: 60.70432pt x 60.70418pt.
<../tmbe_deblooming-short-traj-latex-main/images_real/e29056_187_region_1_Wiene
r_Unsharp.png, id=83, 289.08pt x 289.08pt>
File: ../tmbe_deblooming-short-traj-latex-main/images_real/e29056_187_region_1_
Wiener_Unsharp.png Graphic file (type png)
<use ../tmbe_deblooming-short-traj-latex-main/images_real/e29056_187_region_1_W
iener_Unsharp.png>
Package pdftex.def Info: ../tmbe_deblooming-short-traj-latex-main/images_real/e
29056_187_region_1_Wiener_Unsharp.png  used on input line 441.
(pdftex.def)             Requested size: 60.70432pt x 60.70418pt.
<../tmbe_deblooming-short-traj-latex-main/images_real/e29056_187_region_1_outpu
t_raw_srgan.png, id=84, 128.48pt x 128.48pt>
File: ../tmbe_deblooming-short-traj-latex-main/images_real/e29056_187_region_1_
output_raw_srgan.png Graphic file (type png)
<use ../tmbe_deblooming-short-traj-latex-main/images_real/e29056_187_region_1_o
utput_raw_srgan.png>
Package pdftex.def Info: ../tmbe_deblooming-short-traj-latex-main/images_real/e
29056_187_region_1_output_raw_srgan.png  used on input line 442.
(pdftex.def)             Requested size: 60.70432pt x 60.70515pt.
<../tmbe_deblooming-short-traj-latex-main/images_real/e29056_187_region_1_outpu
t_raw_srgan_no_style.png, id=85, 128.48pt x 128.48pt>
File: ../tmbe_deblooming-short-traj-latex-main/images_real/e29056_187_region_1_
output_raw_srgan_no_style.png Graphic file (type png)
<use ../tmbe_deblooming-short-traj-latex-main/images_real/e29056_187_region_1_o
utput_raw_srgan_no_style.png>
Package pdftex.def Info: ../tmbe_deblooming-short-traj-latex-main/images_real/e
29056_187_region_1_output_raw_srgan_no_style.png  used on input line 443.
(pdftex.def)             Requested size: 60.70432pt x 60.70515pt.
<../tmbe_deblooming-short-traj-latex-main/images_real/e29056_187_region_1_outpu
t_raw_sagan.png, id=86, 128.48pt x 128.48pt>
File: ../tmbe_deblooming-short-traj-latex-main/images_real/e29056_187_region_1_
output_raw_sagan.png Graphic file (type png)
<use ../tmbe_deblooming-short-traj-latex-main/images_real/e29056_187_region_1_o
utput_raw_sagan.png>
Package pdftex.def Info: ../tmbe_deblooming-short-traj-latex-main/images_real/e
29056_187_region_1_output_raw_sagan.png  used on input line 444.
(pdftex.def)             Requested size: 60.70432pt x 60.70515pt.
<../tmbe_deblooming-short-traj-latex-main/images_real/e29056_187_region_1_outpu
t_raw_sogan_mask_undilate.png, id=87, 128.48pt x 128.48pt>
File: ../tmbe_deblooming-short-traj-latex-main/images_real/e29056_187_region_1_
output_raw_sogan_mask_undilate.png Graphic file (type png)
<use ../tmbe_deblooming-short-traj-latex-main/images_real/e29056_187_region_1_o
utput_raw_sogan_mask_undilate.png>
Package pdftex.def Info: ../tmbe_deblooming-short-traj-latex-main/images_real/e
29056_187_region_1_output_raw_sogan_mask_undilate.png  used on input line 445.
(pdftex.def)             Requested size: 60.70432pt x 60.70515pt.
<../tmbe_deblooming-short-traj-latex-main/images_real/e29056_187_region_1_mask_
raw.png, id=88, 128.48pt x 128.48pt>
File: ../tmbe_deblooming-short-traj-latex-main/images_real/e29056_187_region_1_
mask_raw.png Graphic file (type png)
<use ../tmbe_deblooming-short-traj-latex-main/images_real/e29056_187_region_1_m
ask_raw.png>
Package pdftex.def Info: ../tmbe_deblooming-short-traj-latex-main/images_real/e
29056_187_region_1_mask_raw.png  used on input line 455.
(pdftex.def)             Requested size: 60.70432pt x 60.70515pt.
<../tmbe_deblooming-short-traj-latex-main/images_real/e29056_187_region_1_outpu
t_unetpp_amp.png, id=89, 128.48pt x 128.48pt>
File: ../tmbe_deblooming-short-traj-latex-main/images_real/e29056_187_region_1_
output_unetpp_amp.png Graphic file (type png)
<use ../tmbe_deblooming-short-traj-latex-main/images_real/e29056_187_region_1_o
utput_unetpp_amp.png>
Package pdftex.def Info: ../tmbe_deblooming-short-traj-latex-main/images_real/e
29056_187_region_1_output_unetpp_amp.png  used on input line 456.
(pdftex.def)             Requested size: 60.70432pt x 60.70515pt.
<../tmbe_deblooming-short-traj-latex-main/images_real/e29056_187_region_1_outpu
t_unetpp_sharp_patient.png, id=90, 128.48pt x 128.48pt>
File: ../tmbe_deblooming-short-traj-latex-main/images_real/e29056_187_region_1_
output_unetpp_sharp_patient.png Graphic file (type png)
<use ../tmbe_deblooming-short-traj-latex-main/images_real/e29056_187_region_1_o
utput_unetpp_sharp_patient.png>
Package pdftex.def Info: ../tmbe_deblooming-short-traj-latex-main/images_real/e
29056_187_region_1_output_unetpp_sharp_patient.png  used on input line 457.
(pdftex.def)             Requested size: 60.70432pt x 60.70515pt.
<../tmbe_deblooming-short-traj-latex-main/images_real/e29056_187_region_1_pred_
ldm_output_resshift.png, id=91, 289.08pt x 289.08pt>
File: ../tmbe_deblooming-short-traj-latex-main/images_real/e29056_187_region_1_
pred_ldm_output_resshift.png Graphic file (type png)
<use ../tmbe_deblooming-short-traj-latex-main/images_real/e29056_187_region_1_p
red_ldm_output_resshift.png>
Package pdftex.def Info: ../tmbe_deblooming-short-traj-latex-main/images_real/e
29056_187_region_1_pred_ldm_output_resshift.png  used on input line 458.
(pdftex.def)             Requested size: 60.70432pt x 60.70418pt.
<../tmbe_deblooming-short-traj-latex-main/images_real/e29056_187_region_1_pred_
ldm10_output_resshift.png, id=92, 289.08pt x 289.08pt>
File: ../tmbe_deblooming-short-traj-latex-main/images_real/e29056_187_region_1_
pred_ldm10_output_resshift.png Graphic file (type png)
<use ../tmbe_deblooming-short-traj-latex-main/images_real/e29056_187_region_1_p
red_ldm10_output_resshift.png>
Package pdftex.def Info: ../tmbe_deblooming-short-traj-latex-main/images_real/e
29056_187_region_1_pred_ldm10_output_resshift.png  used on input line 459.
(pdftex.def)             Requested size: 60.70432pt x 60.70418pt.
<../tmbe_deblooming-short-traj-latex-main/images_real/e29056_187_region_1_outpu
t_resshift.png, id=93, 289.08pt x 289.08pt>
File: ../tmbe_deblooming-short-traj-latex-main/images_real/e29056_187_region_1_
output_resshift.png Graphic file (type png)
<use ../tmbe_deblooming-short-traj-latex-main/images_real/e29056_187_region_1_o
utput_resshift.png>
Package pdftex.def Info: ../tmbe_deblooming-short-traj-latex-main/images_real/e
29056_187_region_1_output_resshift.png  used on input line 460.
(pdftex.def)             Requested size: 60.70432pt x 60.70418pt.
<../tmbe_deblooming-short-traj-latex-main/images_real/e35127_147_region_1_input
_raw_sagan.png, id=94, 128.48pt x 128.48pt>
File: ../tmbe_deblooming-short-traj-latex-main/images_real/e35127_147_region_1_
input_raw_sagan.png Graphic file (type png)
<use ../tmbe_deblooming-short-traj-latex-main/images_real/e35127_147_region_1_i
nput_raw_sagan.png>
Package pdftex.def Info: ../tmbe_deblooming-short-traj-latex-main/images_real/e
35127_147_region_1_input_raw_sagan.png  used on input line 476.
(pdftex.def)             Requested size: 60.70432pt x 60.70515pt.
<../tmbe_deblooming-short-traj-latex-main/images_real/e35127_147_region_1_HU_Sh
rink.png, id=95, 289.08pt x 289.08pt>
File: ../tmbe_deblooming-short-traj-latex-main/images_real/e35127_147_region_1_
HU_Shrink.png Graphic file (type png)
<use ../tmbe_deblooming-short-traj-latex-main/images_real/e35127_147_region_1_H
U_Shrink.png>
Package pdftex.def Info: ../tmbe_deblooming-short-traj-latex-main/images_real/e
35127_147_region_1_HU_Shrink.png  used on input line 477.
(pdftex.def)             Requested size: 60.70432pt x 60.70418pt.
<../tmbe_deblooming-short-traj-latex-main/images_real/e35127_147_region_1_Wiene
r_Unsharp.png, id=96, 289.08pt x 289.08pt>
File: ../tmbe_deblooming-short-traj-latex-main/images_real/e35127_147_region_1_
Wiener_Unsharp.png Graphic file (type png)
<use ../tmbe_deblooming-short-traj-latex-main/images_real/e35127_147_region_1_W
iener_Unsharp.png>
Package pdftex.def Info: ../tmbe_deblooming-short-traj-latex-main/images_real/e
35127_147_region_1_Wiener_Unsharp.png  used on input line 478.
(pdftex.def)             Requested size: 60.70432pt x 60.70418pt.
<../tmbe_deblooming-short-traj-latex-main/images_real/e35127_147_region_1_outpu
t_raw_srgan.png, id=97, 128.48pt x 128.48pt>
File: ../tmbe_deblooming-short-traj-latex-main/images_real/e35127_147_region_1_
output_raw_srgan.png Graphic file (type png)
<use ../tmbe_deblooming-short-traj-latex-main/images_real/e35127_147_region_1_o
utput_raw_srgan.png>
Package pdftex.def Info: ../tmbe_deblooming-short-traj-latex-main/images_real/e
35127_147_region_1_output_raw_srgan.png  used on input line 479.
(pdftex.def)             Requested size: 60.70432pt x 60.70515pt.
<../tmbe_deblooming-short-traj-latex-main/images_real/e35127_147_region_1_outpu
t_raw_srgan_no_style.png, id=98, 128.48pt x 128.48pt>
File: ../tmbe_deblooming-short-traj-latex-main/images_real/e35127_147_region_1_
output_raw_srgan_no_style.png Graphic file (type png)
<use ../tmbe_deblooming-short-traj-latex-main/images_real/e35127_147_region_1_o
utput_raw_srgan_no_style.png>
Package pdftex.def Info: ../tmbe_deblooming-short-traj-latex-main/images_real/e
35127_147_region_1_output_raw_srgan_no_style.png  used on input line 480.
(pdftex.def)             Requested size: 60.70432pt x 60.70515pt.
<../tmbe_deblooming-short-traj-latex-main/images_real/e35127_147_region_1_outpu
t_raw_sagan.png, id=99, 128.48pt x 128.48pt>
File: ../tmbe_deblooming-short-traj-latex-main/images_real/e35127_147_region_1_
output_raw_sagan.png Graphic file (type png)
<use ../tmbe_deblooming-short-traj-latex-main/images_real/e35127_147_region_1_o
utput_raw_sagan.png>
Package pdftex.def Info: ../tmbe_deblooming-short-traj-latex-main/images_real/e
35127_147_region_1_output_raw_sagan.png  used on input line 481.
(pdftex.def)             Requested size: 60.70432pt x 60.70515pt.
<../tmbe_deblooming-short-traj-latex-main/images_real/e35127_147_region_1_outpu
t_sogan_mask_undilate.png, id=100, 128.48pt x 128.48pt>
File: ../tmbe_deblooming-short-traj-latex-main/images_real/e35127_147_region_1_
output_sogan_mask_undilate.png Graphic file (type png)
<use ../tmbe_deblooming-short-traj-latex-main/images_real/e35127_147_region_1_o
utput_sogan_mask_undilate.png>
Package pdftex.def Info: ../tmbe_deblooming-short-traj-latex-main/images_real/e
35127_147_region_1_output_sogan_mask_undilate.png  used on input line 482.
(pdftex.def)             Requested size: 60.70432pt x 60.70515pt.
<../tmbe_deblooming-short-traj-latex-main/images_real/e35127_147_region_1_mask_
raw.png, id=101, 128.48pt x 128.48pt>
File: ../tmbe_deblooming-short-traj-latex-main/images_real/e35127_147_region_1_
mask_raw.png Graphic file (type png)
<use ../tmbe_deblooming-short-traj-latex-main/images_real/e35127_147_region_1_m
ask_raw.png>
Package pdftex.def Info: ../tmbe_deblooming-short-traj-latex-main/images_real/e
35127_147_region_1_mask_raw.png  used on input line 492.
(pdftex.def)             Requested size: 60.70432pt x 60.70515pt.
<../tmbe_deblooming-short-traj-latex-main/images_real/e35127_147_region_1_outpu
t_unetpp_amp.png, id=102, 128.48pt x 128.48pt>
File: ../tmbe_deblooming-short-traj-latex-main/images_real/e35127_147_region_1_
output_unetpp_amp.png Graphic file (type png)
<use ../tmbe_deblooming-short-traj-latex-main/images_real/e35127_147_region_1_o
utput_unetpp_amp.png>
Package pdftex.def Info: ../tmbe_deblooming-short-traj-latex-main/images_real/e
35127_147_region_1_output_unetpp_amp.png  used on input line 493.
(pdftex.def)             Requested size: 60.70432pt x 60.70515pt.
<../tmbe_deblooming-short-traj-latex-main/images_real/e35127_147_region_1_outpu
t_unetpp_sharp_patient.png, id=103, 128.48pt x 128.48pt>
File: ../tmbe_deblooming-short-traj-latex-main/images_real/e35127_147_region_1_
output_unetpp_sharp_patient.png Graphic file (type png)
<use ../tmbe_deblooming-short-traj-latex-main/images_real/e35127_147_region_1_o
utput_unetpp_sharp_patient.png>
Package pdftex.def Info: ../tmbe_deblooming-short-traj-latex-main/images_real/e
35127_147_region_1_output_unetpp_sharp_patient.png  used on input line 494.
(pdftex.def)             Requested size: 60.70432pt x 60.70515pt.
<../tmbe_deblooming-short-traj-latex-main/images_real/e35127_147_region_1_pred_
ldm_output_resshift.png, id=104, 289.08pt x 289.08pt>
File: ../tmbe_deblooming-short-traj-latex-main/images_real/e35127_147_region_1_
pred_ldm_output_resshift.png Graphic file (type png)
<use ../tmbe_deblooming-short-traj-latex-main/images_real/e35127_147_region_1_p
red_ldm_output_resshift.png>
Package pdftex.def Info: ../tmbe_deblooming-short-traj-latex-main/images_real/e
35127_147_region_1_pred_ldm_output_resshift.png  used on input line 495.
(pdftex.def)             Requested size: 60.70432pt x 60.70418pt.
<../tmbe_deblooming-short-traj-latex-main/images_real/e35127_147_region_1_pred_
ldm10_output_resshift.png, id=105, 289.08pt x 289.08pt>
File: ../tmbe_deblooming-short-traj-latex-main/images_real/e35127_147_region_1_
pred_ldm10_output_resshift.png Graphic file (type png)
<use ../tmbe_deblooming-short-traj-latex-main/images_real/e35127_147_region_1_p
red_ldm10_output_resshift.png>
Package pdftex.def Info: ../tmbe_deblooming-short-traj-latex-main/images_real/e
35127_147_region_1_pred_ldm10_output_resshift.png  used on input line 496.
(pdftex.def)             Requested size: 60.70432pt x 60.70418pt.
<../tmbe_deblooming-short-traj-latex-main/images_real/e35127_147_region_1_outpu
t_resshift.png, id=106, 289.08pt x 289.08pt>
File: ../tmbe_deblooming-short-traj-latex-main/images_real/e35127_147_region_1_
output_resshift.png Graphic file (type png)
<use ../tmbe_deblooming-short-traj-latex-main/images_real/e35127_147_region_1_o
utput_resshift.png>
Package pdftex.def Info: ../tmbe_deblooming-short-traj-latex-main/images_real/e
35127_147_region_1_output_resshift.png  used on input line 497.
(pdftex.def)             Requested size: 60.70432pt x 60.70418pt.
 [7 <../tmbe_deblooming-short-traj-latex-main/images_sim/03_CaP_50_minus_artery
_100mA_2_slice32_input.png (PNG copy)> <../tmbe_deblooming-short-traj-latex-mai
n/images_sim/03_CaP_50_minus_artery_100mA_2_slice32_HU_Shrink.png> <../tmbe_deb
looming-short-traj-latex-main/images_sim/03_CaP_50_minus_artery_100mA_2_slice32
_Wiener.png> <../tmbe_deblooming-short-traj-latex-main/images_sim/03_CaP_50_min
us_artery_100mA_2_slice32_pred_output_srgan.png (PNG copy)> <../tmbe_deblooming
-short-traj-latex-main/images_sim/03_CaP_50_minus_artery_100mA_2_slice32_pred_o
utput_srgan-no_style.png (PNG copy)> <../tmbe_deblooming-short-traj-latex-main/
images_sim/03_CaP_50_minus_artery_100mA_2_slice32_pred_output_sagan.png (PNG co
py)> <../tmbe_deblooming-short-traj-latex-main/images_sim/03_CaP_50_minus_arter
y_100mA_2_slice32_pred_output_sogan.png (PNG copy)> <../tmbe_deblooming-short-t
raj-latex-main/images_sim/03_CaP_50_minus_artery_100mA_2_slice32_mask.png (PNG 
copy)> <../tmbe_deblooming-short-traj-latex-main/images_sim/03_CaP_50_minus_art
ery_100mA_2_slice32_pred_output_unetpp_amp.png (PNG copy)> <../tmbe_deblooming-
short-traj-latex-main/images_sim/03_CaP_50_minus_artery_100mA_2_slice32_pred_ou
tput_unetpp_sharp_patient.png (PNG copy)> <../tmbe_deblooming-short-traj-latex-
main/images_sim/03_CaP_50_minus_artery_100mA_2_slice32_pred_ldm_output_resshift
.png> <../tmbe_deblooming-short-traj-latex-main/images_sim/03_CaP_50_minus_arte
ry_100mA_2_slice32_pred_ldm10_output_resshift.png> <../tmbe_deblooming-short-tr
aj-latex-main/images_sim/03_CaP_50_minus_artery_100mA_2_slice32_pred_output_res
shift.png> <../tmbe_deblooming-short-traj-latex-main/images_sim/03_CaP_50_minus
_artery_100mA_2_slice32_gt.png (PNG copy)> <../tmbe_deblooming-short-traj-latex
-main/images_sim/03_CaP_50_minus_artery_100mA_10_slice32_input.png (PNG copy)> 
<../tmbe_deblooming-short-traj-latex-main/images_sim/03_CaP_50_minus_artery_100
mA_10_slice32_HU_Shrink.png> <../tmbe_deblooming-short-traj-latex-main/images_s
im/03_CaP_50_minus_artery_100mA_10_slice32_Wiener.png> <../tmbe_deblooming-shor
t-traj-latex-main/images_sim/03_CaP_50_minus_artery_100mA_10_slice32_pred_outpu
t_srgan.png (PNG copy)> <../tmbe_deblooming-short-traj-latex-main/images_sim/03
_CaP_50_minus_artery_100mA_10_slice32_pred_output_srgan-no_style.png (PNG copy)
> <../tmbe_deblooming-short-traj-latex-main/images_sim/03_CaP_50_minus_artery_1
00mA_10_slice32_pred_output_sagan.png (PNG copy)> <../tmbe_deblooming-short-tra
j-latex-main/images_sim/03_CaP_50_minus_artery_100mA_10_slice32_pred_output_sog
an.png (PNG copy)> <../tmbe_deblooming-short-traj-latex-main/images_sim/03_CaP_
50_minus_artery_100mA_10_slice32_mask.png (PNG copy)> <../tmbe_deblooming-short
-traj-latex-main/images_sim/03_CaP_50_minus_artery_100mA_10_slice32_pred_output
_unetpp_amp.png (PNG copy)> <../tmbe_deblooming-short-traj-latex-main/images_si
m/03_CaP_50_minus_artery_100mA_10_slice32_pred_output_unetpp_sharp_patient.png 
(PNG copy)> <../tmbe_deblooming-short-traj-latex-main/images_sim/03_CaP_50_minu
s_artery_100mA_10_slice32_pred_ldm_output_resshift.png> <../tmbe_deblooming-sho
rt-traj-latex-main/images_sim/03_CaP_50_minus_artery_100mA_10_slice32_pred_ldm1
0_output_resshift.png> <../tmbe_deblooming-short-traj-latex-main/images_sim/03_
CaP_50_minus_artery_100mA_10_slice32_pred_output_resshift.png> <../tmbe_debloom
ing-short-traj-latex-main/images_sim/03_CaP_50_minus_artery_100mA_10_slice32_gt
.png (PNG copy)>] [8 <../tmbe_deblooming-short-traj-latex-main/images_real/e290
56_187_region_1_input_raw_sagan.png (PNG copy)> <../tmbe_deblooming-short-traj-
latex-main/images_real/e29056_187_region_1_HU_Shrink.png> <../tmbe_deblooming-s
hort-traj-latex-main/images_real/e29056_187_region_1_Wiener_Unsharp.png> <../tm
be_deblooming-short-traj-latex-main/images_real/e29056_187_region_1_output_raw_
srgan.png (PNG copy)> <../tmbe_deblooming-short-traj-latex-main/images_real/e29
056_187_region_1_output_raw_srgan_no_style.png (PNG copy)> <../tmbe_deblooming-
short-traj-latex-main/images_real/e29056_187_region_1_output_raw_sagan.png (PNG
 copy)> <../tmbe_deblooming-short-traj-latex-main/images_real/e29056_187_region
_1_output_raw_sogan_mask_undilate.png (PNG copy)> <../tmbe_deblooming-short-tra
j-latex-main/images_real/e29056_187_region_1_mask_raw.png (PNG copy)> <../tmbe_
deblooming-short-traj-latex-main/images_real/e29056_187_region_1_output_unetpp_
amp.png (PNG copy)> <../tmbe_deblooming-short-traj-latex-main/images_real/e2905
6_187_region_1_output_unetpp_sharp_patient.png (PNG copy)> <../tmbe_deblooming-
short-traj-latex-main/images_real/e29056_187_region_1_pred_ldm_output_resshift.
png> <../tmbe_deblooming-short-traj-latex-main/images_real/e29056_187_region_1_
pred_ldm10_output_resshift.png> <../tmbe_deblooming-short-traj-latex-main/image
s_real/e29056_187_region_1_output_resshift.png> <../tmbe_deblooming-short-traj-
latex-main/images_real/e35127_147_region_1_input_raw_sagan.png (PNG copy)> <../
tmbe_deblooming-short-traj-latex-main/images_real/e35127_147_region_1_HU_Shrink
.png> <../tmbe_deblooming-short-traj-latex-main/images_real/e35127_147_region_1
_Wiener_Unsharp.png> <../tmbe_deblooming-short-traj-latex-main/images_real/e351
27_147_region_1_output_raw_srgan.png (PNG copy)> <../tmbe_deblooming-short-traj
-latex-main/images_real/e35127_147_region_1_output_raw_srgan_no_style.png (PNG 
copy)> <../tmbe_deblooming-short-traj-latex-main/images_real/e35127_147_region_
1_output_raw_sagan.png (PNG copy)> <../tmbe_deblooming-short-traj-latex-main/im
ages_real/e35127_147_region_1_output_sogan_mask_undilate.png (PNG copy)> <../tm
be_deblooming-short-traj-latex-main/images_real/e35127_147_region_1_mask_raw.pn
g (PNG copy)> <../tmbe_deblooming-short-traj-latex-main/images_real/e35127_147_
region_1_output_unetpp_amp.png (PNG copy)> <../tmbe_deblooming-short-traj-latex
-main/images_real/e35127_147_region_1_output_unetpp_sharp_patient.png (PNG copy
)> <../tmbe_deblooming-short-traj-latex-main/images_real/e35127_147_region_1_pr
ed_ldm_output_resshift.png> <../tmbe_deblooming-short-traj-latex-main/images_re
al/e35127_147_region_1_pred_ldm10_output_resshift.png> <../tmbe_deblooming-shor
t-traj-latex-main/images_real/e35127_147_region_1_output_resshift.png>] [9]
<../tmbe_deblooming-short-traj-latex-main/images_mask/patient_24_100mA_2_slice_
032_input_processed.png, id=142, 289.08pt x 289.08pt>
File: ../tmbe_deblooming-short-traj-latex-main/images_mask/patient_24_100mA_2_s
lice_032_input_processed.png Graphic file (type png)
<use ../tmbe_deblooming-short-traj-latex-main/images_mask/patient_24_100mA_2_sl
ice_032_input_processed.png>
Package pdftex.def Info: ../tmbe_deblooming-short-traj-latex-main/images_mask/p
atient_24_100mA_2_slice_032_input_processed.png  used on input line 554.
(pdftex.def)             Requested size: 91.05649pt x 91.05626pt.
<../tmbe_deblooming-short-traj-latex-main/images_mask/patient_24_100mA_2_slice_
032_mask_dilate.png, id=143, 289.08pt x 289.08pt>
File: ../tmbe_deblooming-short-traj-latex-main/images_mask/patient_24_100mA_2_s
lice_032_mask_dilate.png Graphic file (type png)
<use ../tmbe_deblooming-short-traj-latex-main/images_mask/patient_24_100mA_2_sl
ice_032_mask_dilate.png>
Package pdftex.def Info: ../tmbe_deblooming-short-traj-latex-main/images_mask/p
atient_24_100mA_2_slice_032_mask_dilate.png  used on input line 555.
(pdftex.def)             Requested size: 91.05649pt x 91.05626pt.
<../tmbe_deblooming-short-traj-latex-main/images_mask/patient_24_100mA_2_slice_
032_gt.png, id=144, 289.08pt x 289.08pt>
File: ../tmbe_deblooming-short-traj-latex-main/images_mask/patient_24_100mA_2_s
lice_032_gt.png Graphic file (type png)
<use ../tmbe_deblooming-short-traj-latex-main/images_mask/patient_24_100mA_2_sl
ice_032_gt.png>
Package pdftex.def Info: ../tmbe_deblooming-short-traj-latex-main/images_mask/p
atient_24_100mA_2_slice_032_gt.png  used on input line 556.
(pdftex.def)             Requested size: 91.05649pt x 91.05626pt.
<../tmbe_deblooming-short-traj-latex-main/images_mask/patient_24_100mA_2_slice_
032_pred.png, id=145, 289.08pt x 289.08pt>
File: ../tmbe_deblooming-short-traj-latex-main/images_mask/patient_24_100mA_2_s
lice_032_pred.png Graphic file (type png)
<use ../tmbe_deblooming-short-traj-latex-main/images_mask/patient_24_100mA_2_sl
ice_032_pred.png>
Package pdftex.def Info: ../tmbe_deblooming-short-traj-latex-main/images_mask/p
atient_24_100mA_2_slice_032_pred.png  used on input line 557.
(pdftex.def)             Requested size: 91.05649pt x 91.05626pt.
<../tmbe_deblooming-short-traj-latex-main/images_mask/patient_24_100mA_2_slice_
032_pred_no_mask.png, id=146, 289.08pt x 289.08pt>
File: ../tmbe_deblooming-short-traj-latex-main/images_mask/patient_24_100mA_2_s
lice_032_pred_no_mask.png Graphic file (type png)
<use ../tmbe_deblooming-short-traj-latex-main/images_mask/patient_24_100mA_2_sl
ice_032_pred_no_mask.png>
Package pdftex.def Info: ../tmbe_deblooming-short-traj-latex-main/images_mask/p
atient_24_100mA_2_slice_032_pred_no_mask.png  used on input line 558.
(pdftex.def)             Requested size: 91.05649pt x 91.05626pt.
<../tmbe_deblooming-short-traj-latex-main/images_saba/03_CaP_50_minus_artery_10
0mA_10_slice32_input.png, id=147, 128.48pt x 128.48pt>
File: ../tmbe_deblooming-short-traj-latex-main/images_saba/03_CaP_50_minus_arte
ry_100mA_10_slice32_input.png Graphic file (type png)
<use ../tmbe_deblooming-short-traj-latex-main/images_saba/03_CaP_50_minus_arter
y_100mA_10_slice32_input.png>
Package pdftex.def Info: ../tmbe_deblooming-short-traj-latex-main/images_saba/0
3_CaP_50_minus_artery_100mA_10_slice32_input.png  used on input line 573.
(pdftex.def)             Requested size: 50.59209pt x 50.59317pt.
<../tmbe_deblooming-short-traj-latex-main/images_saba/patient_03_100mA_10_slice
_032_pred.png, id=148, 289.08pt x 289.08pt>
File: ../tmbe_deblooming-short-traj-latex-main/images_saba/patient_03_100mA_10_
slice_032_pred.png Graphic file (type png)
<use ../tmbe_deblooming-short-traj-latex-main/images_saba/patient_03_100mA_10_s
lice_032_pred.png>
Package pdftex.def Info: ../tmbe_deblooming-short-traj-latex-main/images_saba/p
atient_03_100mA_10_slice_032_pred.png  used on input line 574.
(pdftex.def)             Requested size: 50.59209pt x 50.58975pt.
<../tmbe_deblooming-short-traj-latex-main/images_saba/patient_03_100mA_10_slice
_032_pred_swin.png, id=149, 289.08pt x 289.08pt>
File: ../tmbe_deblooming-short-traj-latex-main/images_saba/patient_03_100mA_10_
slice_032_pred_swin.png Graphic file (type png)
<use ../tmbe_deblooming-short-traj-latex-main/images_saba/patient_03_100mA_10_s
lice_032_pred_swin.png>
Package pdftex.def Info: ../tmbe_deblooming-short-traj-latex-main/images_saba/p
atient_03_100mA_10_slice_032_pred_swin.png  used on input line 575.
(pdftex.def)             Requested size: 50.59209pt x 50.58975pt.
<../tmbe_deblooming-short-traj-latex-main/images_saba/03_CaP_50_minus_artery_10
0mA_10_slice32_gt.png, id=150, 128.48pt x 128.48pt>
File: ../tmbe_deblooming-short-traj-latex-main/images_saba/03_CaP_50_minus_arte
ry_100mA_10_slice32_gt.png Graphic file (type png)
<use ../tmbe_deblooming-short-traj-latex-main/images_saba/03_CaP_50_minus_arter
y_100mA_10_slice32_gt.png>
Package pdftex.def Info: ../tmbe_deblooming-short-traj-latex-main/images_saba/0
3_CaP_50_minus_artery_100mA_10_slice32_gt.png  used on input line 576.
(pdftex.def)             Requested size: 50.59209pt x 50.59317pt.
<../tmbe_deblooming-short-traj-latex-main/images_saba/e29056_187_region_1_input
_raw_sagan.png, id=151, 128.48pt x 128.48pt>
File: ../tmbe_deblooming-short-traj-latex-main/images_saba/e29056_187_region_1_
input_raw_sagan.png Graphic file (type png)
<use ../tmbe_deblooming-short-traj-latex-main/images_saba/e29056_187_region_1_i
nput_raw_sagan.png>
Package pdftex.def Info: ../tmbe_deblooming-short-traj-latex-main/images_saba/e
29056_187_region_1_input_raw_sagan.png  used on input line 579.
(pdftex.def)             Requested size: 50.59209pt x 50.59317pt.
<../tmbe_deblooming-short-traj-latex-main/images_saba/e29056_187_region_1_outpu
t_resshift.png, id=152, 289.08pt x 289.08pt>
File: ../tmbe_deblooming-short-traj-latex-main/images_saba/e29056_187_region_1_
output_resshift.png Graphic file (type png)
<use ../tmbe_deblooming-short-traj-latex-main/images_saba/e29056_187_region_1_o
utput_resshift.png>
Package pdftex.def Info: ../tmbe_deblooming-short-traj-latex-main/images_saba/e
29056_187_region_1_output_resshift.png  used on input line 580.
(pdftex.def)             Requested size: 50.59209pt x 50.58975pt.
<../tmbe_deblooming-short-traj-latex-main/images_saba/e29056_187_region_1_pred_
swin.png, id=153, 289.08pt x 289.08pt>
File: ../tmbe_deblooming-short-traj-latex-main/images_saba/e29056_187_region_1_
pred_swin.png Graphic file (type png)
<use ../tmbe_deblooming-short-traj-latex-main/images_saba/e29056_187_region_1_p
red_swin.png>
Package pdftex.def Info: ../tmbe_deblooming-short-traj-latex-main/images_saba/e
29056_187_region_1_pred_swin.png  used on input line 581.
(pdftex.def)             Requested size: 50.59209pt x 50.58975pt.
 [10 <../tmbe_deblooming-short-traj-latex-main/images_mask/patient_24_100mA_2_s
lice_032_input_processed.png> <../tmbe_deblooming-short-traj-latex-main/images_
mask/patient_24_100mA_2_slice_032_mask_dilate.png> <../tmbe_deblooming-short-tr
aj-latex-main/images_mask/patient_24_100mA_2_slice_032_gt.png> <../tmbe_debloom
ing-short-traj-latex-main/images_mask/patient_24_100mA_2_slice_032_pred.png> <.
./tmbe_deblooming-short-traj-latex-main/images_mask/patient_24_100mA_2_slice_03
2_pred_no_mask.png> <../tmbe_deblooming-short-traj-latex-main/images_saba/03_Ca
P_50_minus_artery_100mA_10_slice32_input.png (PNG copy)> <../tmbe_deblooming-sh
ort-traj-latex-main/images_saba/patient_03_100mA_10_slice_032_pred.png> <../tmb
e_deblooming-short-traj-latex-main/images_saba/patient_03_100mA_10_slice_032_pr
ed_swin.png> <../tmbe_deblooming-short-traj-latex-main/images_saba/03_CaP_50_mi
nus_artery_100mA_10_slice32_gt.png (PNG copy)> <../tmbe_deblooming-short-traj-l
atex-main/images_saba/e29056_187_region_1_input_raw_sagan.png (PNG copy)> <../t
mbe_deblooming-short-traj-latex-main/images_saba/e29056_187_region_1_output_res
shift.png> <../tmbe_deblooming-short-traj-latex-main/images_saba/e29056_187_reg
ion_1_pred_swin.png>]
LaTeX Font Info:    Trying to load font information for OT1+pcr on input line 6
07.

(C:\Users\wasif\AppData\Local\Programs\MiKTeX\tex/latex/psnfss\ot1pcr.fd
File: ot1pcr.fd 2001/06/04 font definitions for OT1/pcr.
)
<../tmbe_deblooming-short-traj-latex-main/images_red/patient_12_vol_10_input_re
sshift.png, id=167, 265.4718pt x 261.1356pt>
File: ../tmbe_deblooming-short-traj-latex-main/images_red/patient_12_vol_10_inp
ut_resshift.png Graphic file (type png)
<use ../tmbe_deblooming-short-traj-latex-main/images_red/patient_12_vol_10_inpu
t_resshift.png>
Package pdftex.def Info: ../tmbe_deblooming-short-traj-latex-main/images_red/pa
tient_12_vol_10_input_resshift.png  used on input line 627.
(pdftex.def)             Requested size: 47.09949pt x 46.32898pt.
<../tmbe_deblooming-short-traj-latex-main/images_red/patient_12_vol_10_gt_ressh
ift.png, id=168, 265.4718pt x 260.172pt>
File: ../tmbe_deblooming-short-traj-latex-main/images_red/patient_12_vol_10_gt_
resshift.png Graphic file (type png)
<use ../tmbe_deblooming-short-traj-latex-main/images_red/patient_12_vol_10_gt_r
esshift.png>
Package pdftex.def Info: ../tmbe_deblooming-short-traj-latex-main/images_red/pa
tient_12_vol_10_gt_resshift.png  used on input line 628.
(pdftex.def)             Requested size: 47.09949pt x 46.15802pt.
<../tmbe_deblooming-short-traj-latex-main/images_red/patient_12_vol_10_output_r
esshift.png, id=169, 265.4718pt x 261.6174pt>
File: ../tmbe_deblooming-short-traj-latex-main/images_red/patient_12_vol_10_out
put_resshift.png Graphic file (type png)
<use ../tmbe_deblooming-short-traj-latex-main/images_red/patient_12_vol_10_outp
ut_resshift.png>
Package pdftex.def Info: ../tmbe_deblooming-short-traj-latex-main/images_red/pa
tient_12_vol_10_output_resshift.png  used on input line 629.
(pdftex.def)             Requested size: 47.09949pt x 46.41444pt.
<../tmbe_deblooming-short-traj-latex-main/images_red/patient_12_vol_10_output_s
ogan.png, id=170, 265.4718pt x 261.1356pt>
File: ../tmbe_deblooming-short-traj-latex-main/images_red/patient_12_vol_10_out
put_sogan.png Graphic file (type png)
<use ../tmbe_deblooming-short-traj-latex-main/images_red/patient_12_vol_10_outp
ut_sogan.png>
Package pdftex.def Info: ../tmbe_deblooming-short-traj-latex-main/images_red/pa
tient_12_vol_10_output_sogan.png  used on input line 630.
(pdftex.def)             Requested size: 47.09949pt x 46.32898pt.
<../tmbe_deblooming-short-traj-latex-main/images_red/patient_12_vol_10_red_curv
e_resshift.png, id=171, 425.9112pt x 295.3434pt>
File: ../tmbe_deblooming-short-traj-latex-main/images_red/patient_12_vol_10_red
_curve_resshift.png Graphic file (type png)
<use ../tmbe_deblooming-short-traj-latex-main/images_red/patient_12_vol_10_red_
curve_resshift.png>
Package pdftex.def Info: ../tmbe_deblooming-short-traj-latex-main/images_red/pa
tient_12_vol_10_red_curve_resshift.png  used on input line 633.
(pdftex.def)             Requested size: 84.2813pt x 58.44121pt.
<../tmbe_deblooming-short-traj-latex-main/images_red/patient_12_vol_10_red_curv
e_sogan.png, id=172, 425.9112pt x 296.307pt>
File: ../tmbe_deblooming-short-traj-latex-main/images_red/patient_12_vol_10_red
_curve_sogan.png Graphic file (type png)
<use ../tmbe_deblooming-short-traj-latex-main/images_red/patient_12_vol_10_red_
curve_sogan.png>
Package pdftex.def Info: ../tmbe_deblooming-short-traj-latex-main/images_red/pa
tient_12_vol_10_red_curve_sogan.png  used on input line 634.
(pdftex.def)             Requested size: 84.2813pt x 58.63188pt.
<../tmbe_deblooming-short-traj-latex-main/images_red/patient_24_vol_2_input_res
shift.png, id=173, 265.4718pt x 261.6174pt>
File: ../tmbe_deblooming-short-traj-latex-main/images_red/patient_24_vol_2_inpu
t_resshift.png Graphic file (type png)
<use ../tmbe_deblooming-short-traj-latex-main/images_red/patient_24_vol_2_input
_resshift.png>
Package pdftex.def Info: ../tmbe_deblooming-short-traj-latex-main/images_red/pa
tient_24_vol_2_input_resshift.png  used on input line 646.
(pdftex.def)             Requested size: 47.09949pt x 46.41444pt.
<../tmbe_deblooming-short-traj-latex-main/images_red/patient_24_vol_2_gt_resshi
ft.png, id=174, 265.4718pt x 261.1356pt>
File: ../tmbe_deblooming-short-traj-latex-main/images_red/patient_24_vol_2_gt_r
esshift.png Graphic file (type png)
<use ../tmbe_deblooming-short-traj-latex-main/images_red/patient_24_vol_2_gt_re
sshift.png>
Package pdftex.def Info: ../tmbe_deblooming-short-traj-latex-main/images_red/pa
tient_24_vol_2_gt_resshift.png  used on input line 647.
(pdftex.def)             Requested size: 47.09949pt x 46.32898pt.
<../tmbe_deblooming-short-traj-latex-main/images_red/patient_24_vol_2_output_re
sshift.png, id=175, 265.4718pt x 262.0992pt>
File: ../tmbe_deblooming-short-traj-latex-main/images_red/patient_24_vol_2_outp
ut_resshift.png Graphic file (type png)
<use ../tmbe_deblooming-short-traj-latex-main/images_red/patient_24_vol_2_outpu
t_resshift.png>
Package pdftex.def Info: ../tmbe_deblooming-short-traj-latex-main/images_red/pa
tient_24_vol_2_output_resshift.png  used on input line 648.
(pdftex.def)             Requested size: 47.09949pt x 46.49992pt.
<../tmbe_deblooming-short-traj-latex-main/images_red/patient_24_vol_2_output_so
gan.png, id=176, 265.4718pt x 261.6174pt>
File: ../tmbe_deblooming-short-traj-latex-main/images_red/patient_24_vol_2_outp
ut_sogan.png Graphic file (type png)
<use ../tmbe_deblooming-short-traj-latex-main/images_red/patient_24_vol_2_outpu
t_sogan.png>
Package pdftex.def Info: ../tmbe_deblooming-short-traj-latex-main/images_red/pa
tient_24_vol_2_output_sogan.png  used on input line 649.
(pdftex.def)             Requested size: 47.09949pt x 46.41444pt.
<../tmbe_deblooming-short-traj-latex-main/images_red/patient_24_vol_2_red_curve
_resshift.png, id=177, 425.9112pt x 296.307pt>
File: ../tmbe_deblooming-short-traj-latex-main/images_red/patient_24_vol_2_red_
curve_resshift.png Graphic file (type png)
<use ../tmbe_deblooming-short-traj-latex-main/images_red/patient_24_vol_2_red_c
urve_resshift.png>
Package pdftex.def Info: ../tmbe_deblooming-short-traj-latex-main/images_red/pa
tient_24_vol_2_red_curve_resshift.png  used on input line 652.
(pdftex.def)             Requested size: 84.2813pt x 58.63188pt.
<../tmbe_deblooming-short-traj-latex-main/images_red/patient_24_vol_2_red_curve
_sogan.png, id=178, 425.9112pt x 295.3434pt>
File: ../tmbe_deblooming-short-traj-latex-main/images_red/patient_24_vol_2_red_
curve_sogan.png Graphic file (type png)
<use ../tmbe_deblooming-short-traj-latex-main/images_red/patient_24_vol_2_red_c
urve_sogan.png>
Package pdftex.def Info: ../tmbe_deblooming-short-traj-latex-main/images_red/pa
tient_24_vol_2_red_curve_sogan.png  used on input line 653.
(pdftex.def)             Requested size: 84.2813pt x 58.44121pt.

[11 <../tmbe_deblooming-short-traj-latex-main/images_red/patient_12_vol_10_inpu
t_resshift.png> <../tmbe_deblooming-short-traj-latex-main/images_red/patient_12
_vol_10_gt_resshift.png> <../tmbe_deblooming-short-traj-latex-main/images_red/p
atient_12_vol_10_output_resshift.png> <../tmbe_deblooming-short-traj-latex-main
/images_red/patient_12_vol_10_output_sogan.png> <../tmbe_deblooming-short-traj-
latex-main/images_red/patient_12_vol_10_red_curve_resshift.png> <../tmbe_debloo
ming-short-traj-latex-main/images_red/patient_12_vol_10_red_curve_sogan.png> <.
./tmbe_deblooming-short-traj-latex-main/images_red/patient_24_vol_2_input_ressh
ift.png> <../tmbe_deblooming-short-traj-latex-main/images_red/patient_24_vol_2_
gt_resshift.png> <../tmbe_deblooming-short-traj-latex-main/images_red/patient_2
4_vol_2_output_resshift.png> <../tmbe_deblooming-short-traj-latex-main/images_r
ed/patient_24_vol_2_output_sogan.png> <../tmbe_deblooming-short-traj-latex-main
/images_red/patient_24_vol_2_red_curve_resshift.png> <../tmbe_deblooming-short-
traj-latex-main/images_red/patient_24_vol_2_red_curve_sogan.png>] [12] [13]
(Article.bbl
Underfull \hbox (badness 10000) in paragraph at lines 46--54
\OT1/pcr/m/n/11 https://ietresearch.onlinelibrary.wiley.com/doi/abs/10.1049/ipr
2.12797\OT1/ptm/m/n/11 .
 []


Underfull \hbox (badness 10000) in paragraph at lines 77--84
[]\OT1/ptm/m/n/11 Cheng L and Kerse-mans M.  Dual-irt-gan: A defect-aware deep 
adver-sar-ial net-work to
 []


Underfull \hbox (badness 10000) in paragraph at lines 77--84
\OT1/ptm/m/n/11 per-form super-resolution tasks in infrared ther-mo-graphic ins
pec-tion.  \OT1/ptm/m/it/11 Com-pos-ites Part B:
 []

[14]
Underfull \hbox (badness 10000) in paragraph at lines 109--118
\OT1/ptm/m/n/11 denois-ing.  \OT1/ptm/m/it/11 Med-i-cal Physics \OT1/ptm/m/n/11
 2025; 52(1): 329--345.  DOI:https://doi.org/10.1002/mp.17431.
 []


Underfull \hbox (badness 10000) in paragraph at lines 109--118
\OT1/ptm/m/n/11 URL \OT1/pcr/m/n/11 https://aapm.onlinelibrary.wiley.com/doi/ab
s/10.1002/mp.17431\OT1/ptm/m/n/11 .
 []

[15]
Underfull \hbox (badness 10000) in paragraph at lines 225--234
\OT1/ptm/m/n/11 URL \OT1/pcr/m/n/11 https://aapm.onlinelibrary.wiley.com/doi/ab
s/10.1118/1.1567271\OT1/ptm/m/n/11 .
 []

) [16] (Article.aux)
 ***********
LaTeX2e <2025-11-01>
L3 programming layer <2026-03-20>
 ***********
LaTeX Font Warning: Size substitutions with differences
(Font)              up to 0.5pt have occurred.
 ) 
Here is how much of TeX's memory you used:
 6337 strings out of 467691
 159078 string characters out of 5414987
 518404 words of memory out of 5000000
 35262 multiletter control sequences out of 15000+600000
 675947 words of font info for 137 fonts, out of 8000000 for 9000
 1141 hyphenation exceptions out of 8191
 72i,15n,79p,1450b,509s stack positions out of 10000i,1000n,20000p,200000b,200000s
<C:/Users/wasif/AppData/Local/Programs/MiKTeX/fonts/type1/public/amsfonts/cm/
cmbx10.pfb><C:/Users/wasif/AppData/Local/Programs/MiKTeX/fonts/type1/public/ams
fonts/cm/cmex10.pfb><C:/Users/wasif/AppData/Local/Programs/MiKTeX/fonts/type1/p
ublic/amsfonts/cm/cmmi10.pfb><C:/Users/wasif/AppData/Local/Programs/MiKTeX/font
s/type1/public/amsfonts/cm/cmmi7.pfb><C:/Users/wasif/AppData/Local/Programs/MiK
TeX/fonts/type1/public/amsfonts/cm/cmmi8.pfb><C:/Users/wasif/AppData/Local/Prog
rams/MiKTeX/fonts/type1/public/amsfonts/cm/cmmi9.pfb><C:/Users/wasif/AppData/Lo
cal/Programs/MiKTeX/fonts/type1/public/amsfonts/cm/cmr10.pfb><C:/Users/wasif/Ap
pData/Local/Programs/MiKTeX/fonts/type1/public/amsfonts/cm/cmr5.pfb><C:/Users/w
asif/AppData/Local/Programs/MiKTeX/fonts/type1/public/amsfonts/cm/cmr6.pfb><C:/
Users/wasif/AppData/Local/Programs/MiKTeX/fonts/type1/public/amsfonts/cm/cmr7.p
fb><C:/Users/wasif/AppData/Local/Programs/MiKTeX/fonts/type1/public/amsfonts/cm
/cmr8.pfb><C:/Users/wasif/AppData/Local/Programs/MiKTeX/fonts/type1/public/amsf
onts/cm/cmr9.pfb><C:/Users/wasif/AppData/Local/Programs/MiKTeX/fonts/type1/publ
ic/amsfonts/cm/cmsy10.pfb><C:/Users/wasif/AppData/Local/Programs/MiKTeX/fonts/t
ype1/public/amsfonts/cm/cmsy7.pfb><C:/Users/wasif/AppData/Local/Programs/MiKTeX
/fonts/type1/public/amsfonts/cm/cmsy8.pfb><C:/Users/wasif/AppData/Local/Program
s/MiKTeX/fonts/type1/public/amsfonts/cm/cmsy9.pfb><C:/Users/wasif/AppData/Local
/Programs/MiKTeX/fonts/type1/urw/courier/ucrr8a.pfb><C:/Users/wasif/AppData/Loc
al/Programs/MiKTeX/fonts/type1/urw/helvetic/uhvb8a.pfb><C:/Users/wasif/AppData/
Local/Programs/MiKTeX/fonts/type1/urw/helvetic/uhvr8a.pfb><C:/Users/wasif/AppDa
ta/Local/Programs/MiKTeX/fonts/type1/urw/helvetic/uhvro8a.pfb><C:/Users/wasif/A
ppData/Local/Programs/MiKTeX/fonts/type1/urw/times/utmb8a.pfb><C:/Users/wasif/A
ppData/Local/Programs/MiKTeX/fonts/type1/urw/times/utmr8a.pfb><C:/Users/wasif/A
ppData/Local/Programs/MiKTeX/fonts/type1/urw/times/utmri8a.pfb>
Output written on Article.pdf (16 pages, 2910124 bytes).
PDF statistics:
 308 PDF objects out of 1000 (max. 8388607)
 0 named destinations out of 1000 (max. 500000)
 441 words of extra memory for PDF output out of 10000 (max. 10000000)

